Component: ARM Compiler 5.06 update 5 (build 528) Tool: armlink [4d35e2]

==============================================================================

Section Cross References

    startup_stm32f10x_md.o(STACK) refers (Special) to heapauxi.o(.text) for __use_two_region_memory
    startup_stm32f10x_md.o(HEAP) refers (Special) to heapauxi.o(.text) for __use_two_region_memory
    startup_stm32f10x_md.o(RESET) refers (Special) to heapauxi.o(.text) for __use_two_region_memory
    startup_stm32f10x_md.o(RESET) refers to startup_stm32f10x_md.o(STACK) for __initial_sp
    startup_stm32f10x_md.o(RESET) refers to startup_stm32f10x_md.o(.text) for Reset_Handler
    startup_stm32f10x_md.o(RESET) refers to stm32f10x_it.o(i.NMI_Handler) for NMI_Handler
    startup_stm32f10x_md.o(RESET) refers to stm32f10x_it.o(i.HardFault_Handler) for HardFault_Handler
    startup_stm32f10x_md.o(RESET) refers to stm32f10x_it.o(i.MemManage_Handler) for MemManage_Handler
    startup_stm32f10x_md.o(RESET) refers to stm32f10x_it.o(i.BusFault_Handler) for BusFault_Handler
    startup_stm32f10x_md.o(RESET) refers to stm32f10x_it.o(i.UsageFault_Handler) for UsageFault_Handler
    startup_stm32f10x_md.o(RESET) refers to port.o(.emb_text) for SVC_Handler
    startup_stm32f10x_md.o(RESET) refers to port.o(i.SysTick_Handler) for SysTick_Handler
    startup_stm32f10x_md.o(.text) refers (Special) to heapauxi.o(.text) for __use_two_region_memory
    startup_stm32f10x_md.o(.text) refers to system_stm32f10x.o(i.SystemInit) for SystemInit
    startup_stm32f10x_md.o(.text) refers to __main.o(!!!main) for __main
    startup_stm32f10x_md.o(.text) refers to startup_stm32f10x_md.o(HEAP) for Heap_Mem
    startup_stm32f10x_md.o(.text) refers to startup_stm32f10x_md.o(STACK) for Stack_Mem
    system_stm32f10x.o(i.SetSysClock) refers to system_stm32f10x.o(i.SetSysClockTo72) for SetSysClockTo72
    system_stm32f10x.o(i.SystemCoreClockUpdate) refers to system_stm32f10x.o(.data) for SystemCoreClock
    system_stm32f10x.o(i.SystemInit) refers to system_stm32f10x.o(i.SetSysClock) for SetSysClock
    stm32f10x_adc.o(i.ADC_DeInit) refers to stm32f10x_rcc.o(i.RCC_APB2PeriphResetCmd) for RCC_APB2PeriphResetCmd
    stm32f10x_bkp.o(i.BKP_DeInit) refers to stm32f10x_rcc.o(i.RCC_BackupResetCmd) for RCC_BackupResetCmd
    stm32f10x_can.o(i.CAN_DeInit) refers to stm32f10x_rcc.o(i.RCC_APB1PeriphResetCmd) for RCC_APB1PeriphResetCmd
    stm32f10x_can.o(i.CAN_GetITStatus) refers to stm32f10x_can.o(i.CheckITStatus) for CheckITStatus
    stm32f10x_cec.o(i.CEC_DeInit) refers to stm32f10x_rcc.o(i.RCC_APB1PeriphResetCmd) for RCC_APB1PeriphResetCmd
    stm32f10x_dac.o(i.DAC_DeInit) refers to stm32f10x_rcc.o(i.RCC_APB1PeriphResetCmd) for RCC_APB1PeriphResetCmd
    stm32f10x_flash.o(i.FLASH_EnableWriteProtection) refers to stm32f10x_flash.o(i.FLASH_WaitForLastOperation) for FLASH_WaitForLastOperation
    stm32f10x_flash.o(i.FLASH_EraseAllBank1Pages) refers to stm32f10x_flash.o(i.FLASH_WaitForLastBank1Operation) for FLASH_WaitForLastBank1Operation
    stm32f10x_flash.o(i.FLASH_EraseAllPages) refers to stm32f10x_flash.o(i.FLASH_WaitForLastOperation) for FLASH_WaitForLastOperation
    stm32f10x_flash.o(i.FLASH_EraseOptionBytes) refers to stm32f10x_flash.o(i.FLASH_GetReadOutProtectionStatus) for FLASH_GetReadOutProtectionStatus
    stm32f10x_flash.o(i.FLASH_EraseOptionBytes) refers to stm32f10x_flash.o(i.FLASH_WaitForLastOperation) for FLASH_WaitForLastOperation
    stm32f10x_flash.o(i.FLASH_ErasePage) refers to stm32f10x_flash.o(i.FLASH_WaitForLastOperation) for FLASH_WaitForLastOperation
    stm32f10x_flash.o(i.FLASH_ProgramHalfWord) refers to stm32f10x_flash.o(i.FLASH_WaitForLastOperation) for FLASH_WaitForLastOperation
    stm32f10x_flash.o(i.FLASH_ProgramOptionByteData) refers to stm32f10x_flash.o(i.FLASH_WaitForLastOperation) for FLASH_WaitForLastOperation
    stm32f10x_flash.o(i.FLASH_ProgramWord) refers to stm32f10x_flash.o(i.FLASH_WaitForLastOperation) for FLASH_WaitForLastOperation
    stm32f10x_flash.o(i.FLASH_ReadOutProtection) refers to stm32f10x_flash.o(i.FLASH_WaitForLastOperation) for FLASH_WaitForLastOperation
    stm32f10x_flash.o(i.FLASH_UserOptionByteConfig) refers to stm32f10x_flash.o(i.FLASH_WaitForLastOperation) for FLASH_WaitForLastOperation
    stm32f10x_flash.o(i.FLASH_WaitForLastBank1Operation) refers to stm32f10x_flash.o(i.FLASH_GetBank1Status) for FLASH_GetBank1Status
    stm32f10x_flash.o(i.FLASH_WaitForLastOperation) refers to stm32f10x_flash.o(i.FLASH_GetBank1Status) for FLASH_GetBank1Status
    stm32f10x_gpio.o(i.GPIO_AFIODeInit) refers to stm32f10x_rcc.o(i.RCC_APB2PeriphResetCmd) for RCC_APB2PeriphResetCmd
    stm32f10x_gpio.o(i.GPIO_DeInit) refers to stm32f10x_rcc.o(i.RCC_APB2PeriphResetCmd) for RCC_APB2PeriphResetCmd
    stm32f10x_i2c.o(i.I2C_DeInit) refers to stm32f10x_rcc.o(i.RCC_APB1PeriphResetCmd) for RCC_APB1PeriphResetCmd
    stm32f10x_i2c.o(i.I2C_Init) refers to stm32f10x_rcc.o(i.RCC_GetClocksFreq) for RCC_GetClocksFreq
[...]
    RCC_GetFlagStatus                        0x08004715   Thumb Code    56  stm32f10x_rcc.o(i.RCC_GetFlagStatus)
    RCC_LSEConfig                            0x08004751   Thumb Code    46  stm32f10x_rcc.o(i.RCC_LSEConfig)
    RCC_RTCCLKCmd                            0x08004785   Thumb Code     6  stm32f10x_rcc.o(i.RCC_RTCCLKCmd)
    RCC_RTCCLKConfig                         0x08004791   Thumb Code    12  stm32f10x_rcc.o(i.RCC_RTCCLKConfig)
    RTC_EnterConfigMode                      0x080047a1   Thumb Code    14  stm32f10x_rtc.o(i.RTC_EnterConfigMode)
    RTC_ExitConfigMode                       0x080047b5   Thumb Code    16  stm32f10x_rtc.o(i.RTC_ExitConfigMode)
    RTC_GetCounter                           0x080047c9   Thumb Code    16  stm32f10x_rtc.o(i.RTC_GetCounter)
    RTC_SetCounter                           0x080047dd   Thumb Code    24  stm32f10x_rtc.o(i.RTC_SetCounter)
    RTC_SetPrescaler                         0x080047f9   Thumb Code    26  stm32f10x_rtc.o(i.RTC_SetPrescaler)
    RTC_WaitForLastTask                      0x08004819   Thumb Code    16  stm32f10x_rtc.o(i.RTC_WaitForLastTask)
    RTC_WaitForSynchro                       0x0800482d   Thumb Code    30  stm32f10x_rtc.o(i.RTC_WaitForSynchro)
    SetDay                                   0x08004881   Thumb Code   116  settime.o(i.SetDay)
    SetHour                                  0x080048fd   Thumb Code   118  settime.o(i.SetHour)
    SetMin                                   0x0800497d   Thumb Code   118  settime.o(i.SetMin)
    SetMonth                                 0x080049fd   Thumb Code   118  settime.o(i.SetMonth)
    SetSec                                   0x08004a7d   Thumb Code   118  settime.o(i.SetSec)
    SetTime                                  0x08004be5   Thumb Code   372  settime.o(i.SetTime)
    SetYear                                  0x08004d61   Thumb Code    82  settime.o(i.SetYear)
    Set_Selection                            0x08004db9   Thumb Code    26  menu.o(i.Set_Selection)
    SettingPage                              0x08004ddd   Thumb Code   210  menu.o(i.SettingPage)
    Show_Barrier                             0x08004eb9   Thumb Code    94  dino.o(i.Show_Barrier)
    Show_Battery                             0x08004f29   Thumb Code   306  menu.o(i.Show_Battery)
    Show_Clock_UI                            0x08005075   Thumb Code    96  menu.o(i.Show_Clock_UI)
    Show_Cloud                               0x08005105   Thumb Code    26  dino.o(i.Show_Cloud)
    Show_DHT11_UI                            0x08005129   Thumb Code   116  menu.o(i.Show_DHT11_UI)
    Show_Dino                                0x080051b9   Thumb Code   220  dino.o(i.Show_Dino)
    Show_Emoji_UI                            0x080052bd   Thumb Code   264  menu.o(i.Show_Emoji_UI)
    Show_Game_UI                             0x080053cd   Thumb Code    32  menu.o(i.Show_Game_UI)
    Show_Gradienter_UI                       0x080053fd   Thumb Code    72  menu.o(i.Show_Gradienter_UI)
    Show_Ground                              0x0800544d   Thumb Code   110  dino.o(i.Show_Ground)
    Show_LED_UI                              0x080054c9   Thumb Code    44  menu.o(i.Show_LED_UI)
    Show_MPU6050_UI                          0x08005501   Thumb Code    92  menu.o(i.Show_MPU6050_UI)
    Show_Record                              0x08005591   Thumb Code   122  menu.o(i.Show_Record)
    Show_Score                               0x08005621   Thumb Code    22  dino.o(i.Show_Score)
    Show_SetTime_FirstUI                     0x0800563d   Thumb Code    74  settime.o(i.Show_SetTime_FirstUI)
    Show_SetTime_SecondUI                    0x080056a9   Thumb Code    58  settime.o(i.Show_SetTime_SecondUI)
    Show_SettingPage_UI                      0x08005701   Thumb Code    32  menu.o(i.Show_SettingPage_UI)
    Show_Steps_UI                            0x08005735   Thumb Code    44  menu.o(i.Show_Steps_UI)
    Show_StopWatch_UI                        0x08005779   Thumb Code    86  menu.o(i.Show_StopWatch_UI)
    Start_Steps                              0x08005809   Thumb Code   184  menu.o(i.Start_Steps)
    Steps                                    0x080058e9   Thumb Code   248  menu.o(i.Steps)
    Steps_BackgroundInit                     0x080059e9   Thumb Code    24  menu.o(i.Steps_BackgroundInit)
    Steps_BackgroundTick                     0x08005a15   Thumb Code   130  menu.o(i.Steps_BackgroundTick)
    Steps_GetSession                         0x08005ab9   Thumb Code     6  menu.o(i.Steps_GetSession)
    Steps_ResetSession                       0x08005ac5   Thumb Code    20  menu.o(i.Steps_ResetSession)
    Steps_SetRunning                         0x08005ae9   Thumb Code    14  menu.o(i.Steps_SetRunning)
    StopWatch                                0x08005afd   Thumb Code   260  menu.o(i.StopWatch)
    StopWatch_Tick                           0x08005c19   Thumb Code   100  menu.o(i.StopWatch_Tick)
    Store_Save                               0x08005c91   Thumb Code    38  store.o(i.Store_Save)
    SysTick_Handler                          0x08005cc1   Thumb Code    46  port.o(i.SysTick_Handler)
    SystemInit                               0x08005cf5   Thumb Code    78  system_stm32f10x.o(i.SystemInit)
    TIM_Cmd                                  0x08005d55   Thumb Code    24  stm32f10x_tim.o(i.TIM_Cmd)
    TIM_GetCounter                           0x08005d6d   Thumb Code     6  stm32f10x_tim.o(i.TIM_GetCounter)
    TIM_SetCounter                           0x08005d73   Thumb Code     4  stm32f10x_tim.o(i.TIM_SetCounter)
    TIM_TimeBaseInit                         0x08005d79   Thumb Code   122  stm32f10x_tim.o(i.TIM_TimeBaseInit)
    TIM_TimeBaseStructInit                   0x08005e1d   Thumb Code    18  stm32f10x_tim.o(i.TIM_TimeBaseStructInit)
    UsageFault_Handler                       0x08005e73   Thumb Code     4  stm32f10x_it.o(i.UsageFault_Handler)
    __ARM_fpclassify                         0x08005e77   Thumb Code    40  fpclassify.o(i.__ARM_fpclassify)
    __ieee754_rem_pio2                       0x08005ea1   Thumb Code   828  rred.o(i.__ieee754_rem_pio2)
    __kernel_cos                             0x08006229   Thumb Code   230  cos_i.o(i.__kernel_cos)
    __kernel_poly                            0x08006325   Thumb Code   170  poly.o(i.__kernel_poly)
    __kernel_sin                             0x080063d1   Thumb Code   224  sin_i.o(i.__kernel_sin)
    __mathlib_dbl_infnan                     0x080064bd   Thumb Code     6  dunder.o(i.__mathlib_dbl_infnan)
    __mathlib_dbl_infnan2                    0x080064c3   Thumb Code     4  dunder.o(i.__mathlib_dbl_infnan2)
    __mathlib_dbl_invalid                    0x080064c7   Thumb Code    12  dunder.o(i.__mathlib_dbl_invalid)
    __mathlib_dbl_underflow                  0x080064d5   Thumb Code    10  dunder.o(i.__mathlib_dbl_underflow)
    _is_digit                                0x080064e5   Thumb Code    14  __printf_wp.o(i._is_digit)
    atan                                     0x080064f5   Thumb Code   474  atan.o(i.atan)
    atan2                                    0x08006715   Thumb Code   346  atan2.o(i.atan2)
    isColliding                              0x08006895   Thumb Code    80  dino.o(i.isColliding)
    main                                     0x080068f1   Thumb Code   158  main.o(i.main)
    pvPortMalloc                             0x080073c9   Thumb Code   264  heap_4.o(i.pvPortMalloc)
    pvTaskIncrementMutexHeldCount            0x08007509   Thumb Code    26  tasks.o(i.pvTaskIncrementMutexHeldCount)
    pxPortInitialiseStack                    0x08007529   Thumb Code    30  port.o(i.pxPortInitialiseStack)
    sin                                      0x0800754d   Thumb Code   150  sin.o(i.sin)
    ulTaskGenericNotifyTake                  0x080075ed   Thumb Code   148  tasks.o(i.ulTaskGenericNotifyTake)
    uxListRemove                             0x080076a1   Thumb Code    40  list.o(i.uxListRemove)
    vApplicationIdleHook                     0x080076c9   Thumb Code     4  main.o(i.vApplicationIdleHook)
    vApplicationMallocFailedHook             0x080076cd   Thumb Code    26  main.o(i.vApplicationMallocFailedHook)
    vApplicationStackOverflowHook            0x080076e7   Thumb Code    26  main.o(i.vApplicationStackOverflowHook)
    vAssertCalled                            0x08007701   Thumb Code    26  main.o(i.vAssertCalled)
    vListInitialise                          0x0800771b   Thumb Code    26  list.o(i.vListInitialise)
    vListInitialiseItem                      0x08007735   Thumb Code     6  list.o(i.vListInitialiseItem)
    vListInsert                              0x0800773b   Thumb Code    52  list.o(i.vListInsert)
    vPortEnterCritical                       0x08007771   Thumb Code    66  port.o(i.vPortEnterCritical)
    vPortExitCritical                        0x080077e5   Thumb Code    46  port.o(i.vPortExitCritical)
    vPortFree                                0x08007841   Thumb Code   108  heap_4.o(i.vPortFree)
    vPortSetupTimerInterrupt                 0x080078d9   Thumb Code    20  port.o(i.vPortSetupTimerInterrupt)
    vQueueAddToRegistry                      0x080078f1   Thumb Code    82  queue.o(i.vQueueAddToRegistry)
    vQueueWaitForMessageRestricted           0x08007961   Thumb Code    74  queue.o(i.vQueueWaitForMessageRestricted)
    vTaskDelay                               0x080079ad   Thumb Code    70  tasks.o(i.vTaskDelay)
    vTaskInternalSetTimeOutState             0x08007a15   Thumb Code    14  tasks.o(i.vTaskInternalSetTimeOutState)
    vTaskMissedYield                         0x08007a2d   Thumb Code     8  tasks.o(i.vTaskMissedYield)
    vTaskPlaceOnEventList                    0x08007a39   Thumb Code    40  tasks.o(i.vTaskPlaceOnEventList)
    vTaskPlaceOnEventListRestricted          0x08007a7d   Thumb Code    82  tasks.o(i.vTaskPlaceOnEventListRestricted)
    vTaskPriorityDisinheritAfterTimeout      0x08007aed   Thumb Code   244  tasks.o(i.vTaskPriorityDisinheritAfterTimeout)
    vTaskStartScheduler                      0x08007c05   Thumb Code   110  tasks.o(i.vTaskStartScheduler)
    vTaskSuspendAll                          0x08007cad   Thumb Code    12  tasks.o(i.vTaskSuspendAll)
    vTaskSwitchContext                       0x08007cbd   Thumb Code   162  tasks.o(i.vTaskSwitchContext)
    xPortStartScheduler                      0x08007d8d   Thumb Code   204  port.o(i.xPortStartScheduler)
    xQueueCreateMutex                        0x08007e95   Thumb Code    34  queue.o(i.xQueueCreateMutex)
    xQueueGenericCreate                      0x08007eb9   Thumb Code    90  queue.o(i.xQueueGenericCreate)
    xQueueGenericReset                       0x08007f2d   Thumb Code   190  queue.o(i.xQueueGenericReset)
    xQueueGenericSend                        0x08008009   Thumb Code   372  queue.o(i.xQueueGenericSend)
    xQueueGiveMutexRecursive                 0x08008199   Thumb Code    60  queue.o(i.xQueueGiveMutexRecursive)
    xQueueReceive                            0x080081ed   Thumb Code   320  queue.o(i.xQueueReceive)
    xQueueSemaphoreTake                      0x08008349   Thumb Code   362  queue.o(i.xQueueSemaphoreTake)
    xQueueTakeMutexRecursive                 0x080084d1   Thumb Code    66  queue.o(i.xQueueTakeMutexRecursive)
    xTaskCheckForTimeOut                     0x0800852d   Thumb Code   112  tasks.o(i.xTaskCheckForTimeOut)
    xTaskCreate                              0x080085bd   Thumb Code   104  tasks.o(i.xTaskCreate)
    xTaskDelayUntil                          0x08008625   Thumb Code   166  tasks.o(i.xTaskDelayUntil)
    xTaskGenericNotify                       0x080086f1   Thumb Code   394  tasks.o(i.xTaskGenericNotify)
    xTaskGetCurrentTaskHandle                0x080088a9   Thumb Code     6  tasks.o(i.xTaskGetCurrentTaskHandle)
    xTaskGetSchedulerState                   0x080088b5   Thumb Code    24  tasks.o(i.xTaskGetSchedulerState)
    xTaskGetTickCount                        0x080088d5   Thumb Code     6  tasks.o(i.xTaskGetTickCount)
    xTaskIncrementTick                       0x080088e1   Thumb Code   386  tasks.o(i.xTaskIncrementTick)
    xTaskPriorityDisinherit                  0x08008aa9   Thumb Code   202  tasks.o(i.xTaskPriorityDisinherit)
    xTaskPriorityInherit                     0x08008b99   Thumb Code   224  tasks.o(i.xTaskPriorityInherit)
    xTaskRemoveFromEventList                 0x08008c85   Thumb Code   252  tasks.o(i.xTaskRemoveFromEventList)
    xTaskResumeAll                           0x08008db1   Thumb Code   326  tasks.o(i.xTaskResumeAll)
    xTimerCreateTimerTask                    0x08008f35   Thumb Code    54  timers.o(i.xTimerCreateTimerTask)
    _get_lc_numeric                          0x08008f9d   Thumb Code    44  lc_numeric_c.o(locale$$code)
    _get_lc_ctype                            0x08008fc9   Thumb Code    44  lc_ctype_c.o(locale$$code)
    __aeabi_d2f                              0x08008ff5   Thumb Code     0  d2f.o(x$fpl$d2f)
    _d2f                                     0x08008ff5   Thumb Code    98  d2f.o(x$fpl$d2f)
    __aeabi_dadd                             0x08009059   Thumb Code     0  daddsub_clz.o(x$fpl$dadd)
    _dadd                                    0x08009059   Thumb Code   332  daddsub_clz.o(x$fpl$dadd)
    __fpl_dcheck_NaN1                        0x080091a9   Thumb Code    10  dcheck1.o(x$fpl$dcheck1)
    __fpl_dcmp_Inf                           0x080091b9   Thumb Code    24  dcmpi.o(x$fpl$dcmpinf)
    __aeabi_ddiv                             0x080091d1   Thumb Code     0  ddiv.o(x$fpl$ddiv)
    _ddiv                                    0x080091d1   Thumb Code   552  ddiv.o(x$fpl$ddiv)
    __aeabi_d2iz                             0x08009481   Thumb Code     0  dfix.o(x$fpl$dfix)
    _dfix                                    0x08009481   Thumb Code    94  dfix.o(x$fpl$dfix)
    __aeabi_d2uiz                            0x080094e1   Thumb Code     0  dfixu.o(x$fpl$dfixu)
    _dfixu                                   0x080094e1   Thumb Code    90  dfixu.o(x$fpl$dfixu)
    __aeabi_i2d                              0x0800953b   Thumb Code     0  dflt_clz.o(x$fpl$dflt)
    _dflt                                    0x0800953b   Thumb Code    46  dflt_clz.o(x$fpl$dflt)
    __aeabi_ui2d                             0x08009569   Thumb Code     0  dflt_clz.o(x$fpl$dfltu)
    _dfltu                                   0x08009569   Thumb Code    38  dflt_clz.o(x$fpl$dfltu)
    __aeabi_cdcmple                          0x08009591   Thumb Code     0  dleqf.o(x$fpl$dleqf)
    _dcmple                                  0x08009591   Thumb Code   120  dleqf.o(x$fpl$dleqf)
    __fpl_dcmple_InfNaN                      0x080095f3   Thumb Code     0  dleqf.o(x$fpl$dleqf)
    __aeabi_dmul                             0x08009609   Thumb Code     0  dmul.o(x$fpl$dmul)
    _dmul                                    0x08009609   Thumb Code   332  dmul.o(x$fpl$dmul)
    __fpl_dnaninf                            0x0800975d   Thumb Code   156  dnaninf.o(x$fpl$dnaninf)
    __fpl_dretinf                            0x080097f9   Thumb Code    12  dretinf.o(x$fpl$dretinf)
    __aeabi_drsub                            0x08009805   Thumb Code     0  daddsub_clz.o(x$fpl$drsb)
    _drsb                                    0x08009805   Thumb Code    22  daddsub_clz.o(x$fpl$drsb)
    __aeabi_dsub                             0x0800981d   Thumb Code     0  daddsub_clz.o(x$fpl$dsub)
    _dsub                                    0x0800981d   Thumb Code   464  daddsub_clz.o(x$fpl$dsub)
    __aeabi_f2d                              0x080099f1   Thumb Code     0  f2d.o(x$fpl$f2d)
    _f2d                                     0x080099f1   Thumb Code    86  f2d.o(x$fpl$f2d)
    __aeabi_fadd                             0x08009a49   Thumb Code     0  faddsub_clz.o(x$fpl$fadd)
    _fadd                                    0x08009a49   Thumb Code   196  faddsub_clz.o(x$fpl$fadd)
    __fpl_fcmp_Inf                           0x08009b0d   Thumb Code    24  fcmpi.o(x$fpl$fcmpinf)
    __aeabi_fdiv                             0x08009b25   Thumb Code     0  fdiv.o(x$fpl$fdiv)
    _fdiv                                    0x08009b25   Thumb Code   384  fdiv.o(x$fpl$fdiv)
    __aeabi_f2iz                             0x08009ca9   Thumb Code     0  ffix.o(x$fpl$ffix)
    _ffix                                    0x08009ca9   Thumb Code    54  ffix.o(x$fpl$ffix)
    __aeabi_i2f                              0x08009ce1   Thumb Code     0  fflt_clz.o(x$fpl$fflt)
    _fflt                                    0x08009ce1   Thumb Code    48  fflt_clz.o(x$fpl$fflt)
    __aeabi_ui2f                             0x08009d11   Thumb Code     0  fflt_clz.o(x$fpl$ffltu)
    _ffltu                                   0x08009d11   Thumb Code    38  fflt_clz.o(x$fpl$ffltu)
    __aeabi_cfcmple                          0x08009d39   Thumb Code     0  fleqf.o(x$fpl$fleqf)
    _fcmple                                  0x08009d39   Thumb Code   104  fleqf.o(x$fpl$fleqf)
    __fpl_fcmple_InfNaN                      0x08009d8b   Thumb Code     0  fleqf.o(x$fpl$fleqf)
    __aeabi_fmul                             0x08009da1   Thumb Code     0  fmul.o(x$fpl$fmul)
    _fmul                                    0x08009da1   Thumb Code   258  fmul.o(x$fpl$fmul)
    __fpl_fnaninf                            0x08009ea3   Thumb Code   140  fnaninf.o(x$fpl$fnaninf)
    __fpl_fretinf                            0x08009f2f   Thumb Code    10  fretinf.o(x$fpl$fretinf)
    __aeabi_cfrcmple                         0x08009f39   Thumb Code     0  frleqf.o(x$fpl$frleqf)
    _frcmple                                 0x08009f39   Thumb Code    98  frleqf.o(x$fpl$frleqf)
    __aeabi_fsub                             0x08009f9d   Thumb Code     0  faddsub_clz.o(x$fpl$fsub)
    _fsub                                    0x08009f9d   Thumb Code   234  faddsub_clz.o(x$fpl$fsub)
    _printf_fp_dec                           0x0800a087   Thumb Code     4  printf1.o(x$fpl$printf1)
    _printf_fp_hex                           0x0800a08b   Thumb Code     4  printf2.o(x$fpl$printf2)
    __fpl_return_NaN                         0x0800a08f   Thumb Code   100  retnan.o(x$fpl$retnan)
    __ARM_scalbn                             0x0800a0f3   Thumb Code    92  scalbn.o(x$fpl$scalbn)
    __fpl_cmpreturn                          0x0800a14f   Thumb Code    48  trapv.o(x$fpl$trapveneer)
    OLED_F8x16                               0x0800a17e   Data        1520  oled_data.o(.constdata)
    __I$use$fp                               0x0800a17e   Number         0  usenofp.o(x$fpl$usenofp)
    OLED_F6x8                                0x0800a76e   Data         570  oled_data.o(.constdata)
    OLED_F12x24                              0x0800a9a8   Data        3420  oled_data.o(.constdata)
    OLED_CF16x16                             0x0800b704   Data        1365  oled_data.o(.constdata)
    Diode                                    0x0800bc59   Data          32  oled_data.o(.constdata)
    Return                                   0x0800bc79   Data          32  oled_data.o(.constdata)
    Menu_Graph                               0x0800bc99   Data        1280  oled_data.o(.constdata)
    Frame                                    0x0800c199   Data         264  oled_data.o(.constdata)
    Ground                                   0x0800c2a1   Data         256  oled_data.o(.constdata)
    Barrier                                  0x0800c3a1   Data         144  oled_data.o(.constdata)
    Cloud                                    0x0800c431   Data          16  oled_data.o(.constdata)
    Dino                                     0x0800c441   Data         144  oled_data.o(.constdata)
    Eyebrow                                  0x0800c4d1   Data          64  oled_data.o(.constdata)
    Mouth                                    0x0800c511   Data          60  oled_data.o(.constdata)
    Battery                                  0x0800c54d   Data          32  oled_data.o(.constdata)
    _monlen                                  0x0800c5b1   Data          12  _monlen.o(.constdata)
    __mathlib_zero                           0x0800c688   Data           8  qnan.o(.constdata)
    Region$$Table$$Base                      0x0800c83c   Number         0  anon$$obj.o(Region$$Table)
    Region$$Table$$Limit                     0x0800c85c   Number         0  anon$$obj.o(Region$$Table)
    __ctype                                  0x0800c885   Data           0  lc_ctype_c.o(locale$$data)
    MyRTC_Time                               0x20000004   Data          24  myrtc.o(.data)
    KeyNum                                   0x20000020   Data           1  menu.o(.data)
    ADValue                                  0x20000022   Data           2  menu.o(.data)
    VBAT                                     0x20000024   Data           4  menu.o(.data)
    Battery_Capacity                         0x20000028   Data           4  menu.o(.data)
    clkflag                                  0x2000002c   Data           4  menu.o(.data)
    setflag                                  0x20000030   Data           4  menu.o(.data)
    pre_selection                            0x20000034   Data           1  menu.o(.data)
    target_selection                         0x20000035   Data           1  menu.o(.data)
    x_pre                                    0x20000036   Data           1  menu.o(.data)
    Speed                                    0x20000037   Data           1  menu.o(.data)
    move_flag                                0x20000038   Data           1  menu.o(.data)
    menu_flag                                0x20000039   Data           1  menu.o(.data)
    hour                                     0x2000003a   Data           1  menu.o(.data)
    min                                      0x2000003b   Data           1  menu.o(.data)
    sec                                      0x2000003c   Data           1  menu.o(.data)
    start_timing_flag                        0x2000003d   Data           1  menu.o(.data)
    stopwatch_flag                           0x2000003e   Data           1  menu.o(.data)
    led_flag                                 0x2000003f   Data           1  menu.o(.data)
    ax                                       0x20000040   Data           2  menu.o(.data)
    ay                                       0x20000042   Data           2  menu.o(.data)
    az                                       0x20000044   Data           2  menu.o(.data)
    gx                                       0x20000046   Data           2  menu.o(.data)
    gy                                       0x20000048   Data           2  menu.o(.data)
    gz                                       0x2000004a   Data           2  menu.o(.data)
    roll_g                                   0x2000004c   Data           4  menu.o(.data)
    pitch_g                                  0x20000050   Data           4  menu.o(.data)
    yaw_g                                    0x20000054   Data           4  menu.o(.data)
    roll_a                                   0x20000058   Data           4  menu.o(.data)
    pitch_a                                  0x2000005c   Data           4  menu.o(.data)
    Roll                                     0x20000060   Data           4  menu.o(.data)
    Pitch                                    0x20000064   Data           4  menu.o(.data)
    Yaw                                      0x20000068   Data           4  menu.o(.data)
    a                                        0x2000006c   Data           4  menu.o(.data)
    Delta_t                                  0x20000070   Data           4  menu.o(.data)
    pi                                       0x20000078   Data           8  menu.o(.data)
    game_flag                                0x20000080   Data           1  menu.o(.data)
    steps_flag                               0x20000081   Data           1  menu.o(.data)
    left_step_flag                           0x20000082   Data           1  menu.o(.data)
    right_step_flag                          0x20000083   Data           1  menu.o(.data)
    steps_num_temp                           0x20000084   Data           1  menu.o(.data)
    Key_Num                                  0x2000008c   Data           1  key.o(.data)
    press_time                               0x20000094   Data           4  key.o(.data)
    set_time_flag                            0x2000009c   Data           4  settime.o(.data)
    Score                                    0x200000a0   Data           4  dino.o(.data)
    Ground_Pos                               0x200000a4   Data           2  dino.o(.data)
    barrier_flag                             0x200000a6   Data           1  dino.o(.data)
    Barrier_Pos                              0x200000a7   Data           1  dino.o(.data)
    barrier                                  0x200000a8   Data           4  dino.o(.data)
    Cloud_Pos                                0x200000ac   Data           1  dino.o(.data)
    dino_jump_flag                           0x200000ad   Data           1  dino.o(.data)
    jump_t                                   0x200000ae   Data           2  dino.o(.data)
    Jump_Pos                                 0x200000b0   Data           1  dino.o(.data)
    dino                                     0x200000b1   Data           4  dino.o(.data)
    pxCurrentTCB                             0x200000c4   Data           4  tasks.o(.data)
    uxTopUsedPriority                        0x200000fc   Data           4  tasks.o(.data)
    Store_Data                               0x20000140   Data          26  store.o(.bss)
    OLED_DisplayBuf                          0x2000015a   Data        1024  oled.o(.bss)
    xQueueRegistry                           0x2000055c   Data          64  queue.o(.bss)
    _random_number_data                      0x20002e8c   Data         228  rand.o(.bss)
    __libspace_start                         0x20002f9c   Data          96  libspace.o(.bss)
    __temporary_stack_top$libspace           0x20002ffc   Data           0  libspace.o(.bss)



==============================================================================

Memory Map of the image

  Image Entry point : 0x080000ed

  Load Region LR_IROM1 (Base: 0x08000000, Size: 0x0000cac8, Max: 0x00010000, ABSOLUTE, COMPRESSED[0x0000c9c4])

    Execution Region ER_IROM1 (Exec base: 0x08000000, Load base: 0x08000000, Size: 0x0000c988, Max: 0x00010000, ABSOLUTE)

    Exec Addr    Load Addr    Size         Type   Attr      Idx    E Section Name        Object

    0x08000000   0x08000000   0x000000ec   Data   RO            3    RESET               startup_stm32f10x_md.o
    0x080000ec   0x080000ec   0x00000008   Code   RO         5608  * !!!main             c_w.l(__main.o)
    0x080000f4   0x080000f4   0x00000034   Code   RO         6080    !!!scatter          c_w.l(__scatter.o)
    0x08000128   0x08000128   0x0000003a   Code   RO         6078    !!dczerorl          c_w.l(__dczerorl.o)
    0x08000162   0x08000162   0x00000002   PAD
    0x08000164   0x08000164   0x0000001c   Code   RO         6082    !!handler_zi        c_w.l(__scatter_zi.o)
    0x08000180   0x08000180   0x00000000   Code   RO         5772    .ARM.Collect$$_printf_percent$$00000000  c_w.l(_printf_percent.o)
    0x08000180   0x08000180   0x00000006   Code   RO         5761    .ARM.Collect$$_printf_percent$$00000001  c_w.l(_printf_n.o)
    0x08000186   0x08000186   0x00000006   Code   RO         5763    .ARM.Collect$$_printf_percent$$00000002  c_w.l(_printf_p.o)
    0x0800018c   0x0800018c   0x00000006   Code   RO         5768    .ARM.Collect$$_printf_percent$$00000003  c_w.l(_printf_f.o)
    0x08000192   0x08000192   0x00000006   Code   RO         5769    .ARM.Collect$$_printf_percent$$00000004  c_w.l(_printf_e.o)
    0x08000198   0x08000198   0x00000006   Code   RO         5770    .ARM.Collect$$_printf_percent$$00000005  c_w.l(_printf_g.o)
    0x0800019e   0x0800019e   0x00000006   Code   RO         5771    .ARM.Collect$$_printf_percent$$00000006  c_w.l(_printf_a.o)
    0x080001a4   0x080001a4   0x0000000a   Code   RO         5776    .ARM.Collect$$_printf_percent$$00000007  c_w.l(_printf_ll.o)
    0x080001ae   0x080001ae   0x00000006   Code   RO         5765    .ARM.Collect$$_printf_percent$$00000008  c_w.l(_printf_i.o)
    0x080001b4   0x080001b4   0x00000006   Code   RO         5766    .ARM.Collect$$_printf_percent$$00000009  c_w.l(_printf_d.o)
    0x080001ba   0x080001ba   0x00000006   Code   RO         5767    .ARM.Collect$$_printf_percent$$0000000A  c_w.l(_printf_u.o)
    0x080001c0   0x080001c0   0x00000006   Code   RO         5764    .ARM.Collect$$_printf_percent$$0000000B  c_w.l(_printf_o.o)
    0x080001c6   0x080001c6   0x00000006   Code   RO         5762    .ARM.Collect$$_printf_percent$$0000000C  c_w.l(_printf_x.o)
    0x080001cc   0x080001cc   0x00000006   Code   RO         5773    .ARM.Collect$$_printf_percent$$0000000D  c_w.l(_printf_lli.o)
    0x080001d2   0x080001d2   0x00000006   Code   RO         5774    .ARM.Collect$$_printf_percent$$0000000E  c_w.l(_printf_lld.o)
    0x080001d8   0x080001d8   0x00000006   Code   RO         5775    .ARM.Collect$$_printf_percent$$0000000F  c_w.l(_printf_llu.o)
    0x080001de   0x080001de   0x00000006   Code   RO         5780    .ARM.Collect$$_printf_percent$$00000010  c_w.l(_printf_llo.o)
    0x080001e4   0x080001e4   0x00000006   Code   RO         5781    .ARM.Collect$$_printf_percent$$00000011  c_w.l(_printf_llx.o)
    0x080001ea   0x080001ea   0x0000000a   Code   RO         5777    .ARM.Collect$$_printf_percent$$00000012  c_w.l(_printf_l.o)
    0x080001f4   0x080001f4   0x00000006   Code   RO         5759    .ARM.Collect$$_printf_percent$$00000013  c_w.l(_printf_c.o)
    0x080001fa   0x080001fa   0x00000006   Code   RO         5760    .ARM.Collect$$_printf_percent$$00000014  c_w.l(_printf_s.o)
    0x08000200   0x08000200   0x00000006   Code   RO         5778    .ARM.Collect$$_printf_percent$$00000015  c_w.l(_printf_lc.o)
    0x08000206   0x08000206   0x00000006   Code   RO         5779    .ARM.Collect$$_printf_percent$$00000016  c_w.l(_printf_ls.o)
    0x0800020c   0x0800020c   0x00000004   Code   RO         5927    .ARM.Collect$$_printf_percent$$00000017  c_w.l(_printf_percent_end.o)
    0x08000210   0x08000210   0x00000002   Code   RO         5993    .ARM.Collect$$libinit$$00000000  c_w.l(libinit.o)
    0x08000212   0x08000212   0x00000000   Code   RO         5786    .ARM.Collect$$libinit$$00000002  c_w.l(libinit2.o)
    0x08000212   0x08000212   0x00000000   Code   RO         5788    .ARM.Collect$$libinit$$00000004  c_w.l(libinit2.o)
    0x08000212   0x08000212   0x00000000   Code   RO         5791    .ARM.Collect$$libinit$$0000000A  c_w.l(libinit2.o)
    0x08000212   0x08000212   0x00000000   Code   RO         5793    .ARM.Collect$$libinit$$0000000C  c_w.l(libinit2.o)
    0x08000212   0x08000212   0x00000004   Code   RO         5794    .ARM.Collect$$libinit$$0000000D  c_w.l(libinit2.o)
    0x08000216   0x08000216   0x00000000   Code   RO         5795    .ARM.Collect$$libinit$$0000000E  c_w.l(libinit2.o)
    0x08000216   0x08000216   0x00000006   Code   RO         5796    .ARM.Collect$$libinit$$0000000F  c_w.l(libinit2.o)
    0x0800021c   0x0800021c   0x00000000   Code   RO         5798    .ARM.Collect$$libinit$$00000011  c_w.l(libinit2.o)
    0x0800021c   0x0800021c   0x0000000c   Code   RO         5799    .ARM.Collect$$libinit$$00000012  c_w.l(libinit2.o)
    0x08000228   0x08000228   0x00000000   Code   RO         5800    .ARM.Collect$$libinit$$00000013  c_w.l(libinit2.o)
    0x08000228   0x08000228   0x00000000   Code   RO         5802    .ARM.Collect$$libinit$$00000015  c_w.l(libinit2.o)
    0x08000228   0x08000228   0x0000000a   Code   RO         5803    .ARM.Collect$$libinit$$00000016  c_w.l(libinit2.o)
    0x08000232   0x08000232   0x00000000   Code   RO         5804    .ARM.Collect$$libinit$$00000017  c_w.l(libinit2.o)
    0x08000232   0x08000232   0x00000000   Code   RO         5806    .ARM.Collect$$libinit$$00000019  c_w.l(libinit2.o)
    0x08000232   0x08000232   0x00000000   Code   RO         5808    .ARM.Collect$$libinit$$0000001B  c_w.l(libinit2.o)
    0x08000232   0x08000232   0x00000000   Code   RO         5810    .ARM.Collect$$libinit$$0000001D  c_w.l(libinit2.o)
    0x08000232   0x08000232   0x00000000   Code   RO         5812    .ARM.Collect$$libinit$$0000001F  c_w.l(libinit2.o)
    0x08000232   0x08000232   0x00000000   Code   RO         5814    .ARM.Collect$$libinit$$00000021  c_w.l(libinit2.o)
    0x08000232   0x08000232   0x00000000   Code   RO         5816    .ARM.Collect$$libinit$$00000023  c_w.l(libinit2.o)
    0x08000232   0x08000232   0x00000000   Code   RO         5818    .ARM.Collect$$libinit$$00000025  c_w.l(libinit2.o)
    0x08000232   0x08000232   0x00000000   Code   RO         5822    .ARM.Collect$$libinit$$0000002C  c_w.l(libinit2.o)
    0x08000232   0x08000232   0x00000000   Code   RO         5824    .ARM.Collect$$libinit$$0000002E  c_w.l(libinit2.o)
    0x08000232   0x08000232   0x00000000   Code   RO         5826    .ARM.Collect$$libinit$$00000030  c_w.l(libinit2.o)
    0x08000232   0x08000232   0x00000000   Code   RO         5828    .ARM.Collect$$libinit$$00000032  c_w.l(libinit2.o)
    0x08000232   0x08000232   0x00000002   Code   RO         5829    .ARM.Collect$$libinit$$00000033  c_w.l(libinit2.o)
    0x08000234   0x08000234   0x00000002   Code   RO         6039    .ARM.Collect$$libshutdown$$00000000  c_w.l(libshutdown.o)
    0x08000236   0x08000236   0x00000000   Code   RO         6045    .ARM.Collect$$libshutdown$$00000002  c_w.l(libshutdown2.o)
    0x08000236   0x08000236   0x00000000   Code   RO         6047    .ARM.Collect$$libshutdown$$00000004  c_w.l(libshutdown2.o)
    0x08000236   0x08000236   0x00000000   Code   RO         6050    .ARM.Collect$$libshutdown$$00000007  c_w.l(libshutdown2.o)
    0x08000236   0x08000236   0x00000000   Code   RO         6053    .ARM.Collect$$libshutdown$$0000000A  c_w.l(libshutdown2.o)
    0x08000236   0x08000236   0x00000000   Code   RO         6055    .ARM.Collect$$libshutdown$$0000000C  c_w.l(libshutdown2.o)
    0x08000236   0x08000236   0x00000000   Code   RO         6058    .ARM.Collect$$libshutdown$$0000000F  c_w.l(libshutdown2.o)
    0x08000236   0x08000236   0x00000002   Code   RO         6059    .ARM.Collect$$libshutdown$$00000010  c_w.l(libshutdown2.o)
    0x08000238   0x08000238   0x00000000   Code   RO         5688    .ARM.Collect$$rtentry$$00000000  c_w.l(__rtentry.o)
    0x08000238   0x08000238   0x00000000   Code   RO         5893    .ARM.Collect$$rtentry$$00000002  c_w.l(__rtentry2.o)
    0x08000238   0x08000238   0x00000006   Code   RO         5905    .ARM.Collect$$rtentry$$00000004  c_w.l(__rtentry4.o)
    0x0800023e   0x0800023e   0x00000000   Code   RO         5895    .ARM.Collect$$rtentry$$00000009  c_w.l(__rtentry2.o)
    0x0800023e   0x0800023e   0x00000004   Code   RO         5896    .ARM.Collect$$rtentry$$0000000A  c_w.l(__rtentry2.o)
    0x08000242   0x08000242   0x00000000   Code   RO         5898    .ARM.Collect$$rtentry$$0000000C  c_w.l(__rtentry2.o)
    0x08000242   0x08000242   0x00000008   Code   RO         5899    .ARM.Collect$$rtentry$$0000000D  c_w.l(__rtentry2.o)
    0x0800024a   0x0800024a   0x00000002   Code   RO         6000    .ARM.Collect$$rtexit$$00000000  c_w.l(rtexit.o)
    0x0800024c   0x0800024c   0x00000000   Code   RO         6017    .ARM.Collect$$rtexit$$00000002  c_w.l(rtexit2.o)
    0x0800024c   0x0800024c   0x00000004   Code   RO         6018    .ARM.Collect$$rtexit$$00000003  c_w.l(rtexit2.o)
    0x08000250   0x08000250   0x00000006   Code   RO         6019    .ARM.Collect$$rtexit$$00000004  c_w.l(rtexit2.o)
    0x08000256   0x08000256   0x00000002   PAD
    0x08000258   0x08000258   0x00000096   Code   RO         5501    .emb_text           port.o
    0x080002ee   0x080002ee   0x00000002   PAD
    0x080002f0   0x080002f0   0x00000034   Code   RO         5582    .emb_text           c_w.l(rand.o)
    0x08000324   0x08000324   0x00000040   Code   RO            4    .text               startup_stm32f10x_md.o
    0x08000364   0x08000364   0x00000024   Code   RO         5580    .text               c_w.l(vsprintf.o)
    0x08000388   0x08000388   0x0000003c   Code   RO         5583    .text               c_w.l(rand.o)
    0x080003c4   0x080003c4   0x0000008a   Code   RO         5587    .text               c_w.l(rt_memcpy_v6.o)
    0x0800044e   0x0800044e   0x00000064   Code   RO         5589    .text               c_w.l(rt_memcpy_w.o)
    0x080004b2   0x080004b2   0x00000010   Code   RO         5593    .text               c_w.l(aeabi_memset.o)
    0x080004c2   0x080004c2   0x00000044   Code   RO         5595    .text               c_w.l(rt_memclr.o)
    0x08000506   0x08000506   0x0000004e   Code   RO         5597    .text               c_w.l(rt_memclr_w.o)
    0x08000554   0x08000554   0x00000080   Code   RO         5599    .text               c_w.l(strcmpv7m.o)
    0x080005d4   0x080005d4   0x0000000c   Code   RO         5601    .text               c_w.l(localtime.o)
    0x080005e0   0x080005e0   0x000001ac   Code   RO         5604    .text               c_w.l(mktime.o)
    0x0800078c   0x0800078c   0x00000006   Code   RO         5606    .text               c_w.l(heapauxi.o)
    0x08000792   0x08000792   0x00000016   Code   RO         5689    .text               c_w.l(_rserrno.o)
    0x080007a8   0x080007a8   0x0000004e   Code   RO         5693    .text               c_w.l(_printf_pad.o)
    0x080007f6   0x080007f6   0x00000024   Code   RO         5695    .text               c_w.l(_printf_truncate.o)
    0x0800081a   0x0800081a   0x00000052   Code   RO         5697    .text               c_w.l(_printf_str.o)
    0x0800086c   0x0800086c   0x00000078   Code   RO         5699    .text               c_w.l(_printf_dec.o)
    0x080008e4   0x080008e4   0x00000028   Code   RO         5701    .text               c_w.l(_printf_charcount.o)
    0x0800090c   0x0800090c   0x00000030   Code   RO         5703    .text               c_w.l(_printf_char_common.o)
    0x0800093c   0x0800093c   0x0000000a   Code   RO         5705    .text               c_w.l(_sputc.o)
    0x08000946   0x08000946   0x00000002   PAD
    0x08000948   0x08000948   0x000000bc   Code   RO         5707    .text               c_w.l(_printf_wctomb.o)
    0x08000a04   0x08000a04   0x0000007c   Code   RO         5710    .text               c_w.l(_printf_longlong_dec.o)
    0x08000a80   0x08000a80   0x00000070   Code   RO         5716    .text               c_w.l(_printf_oct_int_ll.o)
    0x08000af0   0x08000af0   0x00000094   Code   RO         5736    .text               c_w.l(_printf_hex_int_ll_ptr.o)
    0x08000b84   0x08000b84   0x00000188   Code   RO         5756    .text               c_w.l(__printf_flags_ss_wp.o)
    0x08000d0c   0x08000d0c   0x000000b8   Code   RO         5783    .text               c_w.l(localtime_internal.o)
    0x08000dc4   0x08000dc4   0x00000008   Code   RO         5910    .text               c_w.l(rt_errno_addr_intlibspace.o)
    0x08000dcc   0x08000dcc   0x0000008a   Code   RO         5912    .text               c_w.l(lludiv10.o)
    0x08000e56   0x08000e56   0x000000b2   Code   RO         5914    .text               c_w.l(_printf_intcommon.o)
    0x08000f08   0x08000f08   0x0000041e   Code   RO         5916    .text               c_w.l(_printf_fp_dec.o)
    0x08001326   0x08001326   0x00000002   PAD
    0x08001328   0x08001328   0x000002fc   Code   RO         5918    .text               c_w.l(_printf_fp_hex.o)
    0x08001624   0x08001624   0x0000002c   Code   RO         5923    .text               c_w.l(_printf_char.o)
    0x08001650   0x08001650   0x0000002c   Code   RO         5925    .text               c_w.l(_printf_wchar.o)
    0x0800167c   0x0800167c   0x00000040   Code   RO         5928    .text               c_w.l(_wcrtomb.o)
    0x080016bc   0x080016bc   0x00000008   Code   RO         5940    .text               c_w.l(libspace.o)
    0x080016c4   0x080016c4   0x0000004a   Code   RO         5943    .text               c_w.l(sys_stackheap_outer.o)
    0x0800170e   0x0800170e   0x00000002   PAD
    0x08001710   0x08001710   0x00000010   Code   RO         5945    .text               c_w.l(rt_ctype_table.o)
    0x08001720   0x08001720   0x00000008   Code   RO         5950    .text               c_w.l(rt_locale_intlibspace.o)
    0x08001728   0x08001728   0x00000080   Code   RO         5952    .text               c_w.l(_printf_fp_infnan.o)
    0x080017a8   0x080017a8   0x000000e4   Code   RO         5954    .text               c_w.l(bigflt0.o)
    0x0800188c   0x0800188c   0x00000012   Code   RO         5982    .text               c_w.l(exit.o)
    0x0800189e   0x0800189e   0x00000002   Code   RO         6013    .text               c_w.l(use_no_semi.o)
    0x080018a0   0x080018a0   0x00000000   Code   RO         6015    .text               c_w.l(indicate_semi.o)
    0x080018a0   0x080018a0   0x0000000c   Code   RO         6031    .text               c_w.l(sys_exit.o)
    0x080018ac   0x080018ac   0x0000003e   Code   RO         5957    CL$$btod_d2e        c_w.l(btod.o)
    0x080018ea   0x080018ea   0x00000046   Code   RO         5959    CL$$btod_d2e_denorm_low  c_w.l(btod.o)
    0x08001930   0x08001930   0x00000060   Code   RO         5958    CL$$btod_d2e_norm_op1  c_w.l(btod.o)
    0x08001990   0x08001990   0x00000338   Code   RO         5967    CL$$btod_div_common  c_w.l(btod.o)
    0x08001cc8   0x08001cc8   0x000000dc   Code   RO         5964    CL$$btod_e2e        c_w.l(btod.o)
    0x08001da4   0x08001da4   0x0000002a   Code   RO         5961    CL$$btod_ediv       c_w.l(btod.o)
    0x08001dce   0x08001dce   0x0000002a   Code   RO         5960    CL$$btod_emul       c_w.l(btod.o)
    0x08001df8   0x08001df8   0x00000244   Code   RO         5966    CL$$btod_mult_common  c_w.l(btod.o)
    0x0800203c   0x0800203c   0x00000016   Code   RO          202    i.ADC_Cmd           stm32f10x_adc.o
    0x08002052   0x08002052   0x00000014   Code   RO          210    i.ADC_GetCalibrationStatus  stm32f10x_adc.o
    0x08002066   0x08002066   0x00000008   Code   RO          211    i.ADC_GetConversionValue  stm32f10x_adc.o
    0x0800206e   0x0800206e   0x00000012   Code   RO          213    i.ADC_GetFlagStatus  stm32f10x_adc.o
    0x08002080   0x08002080   0x00000014   Code   RO          216    i.ADC_GetResetCalibrationStatus  stm32f10x_adc.o
    0x08002094   0x08002094   0x00000050   Code   RO          220    i.ADC_Init          stm32f10x_adc.o
    0x080020e4   0x080020e4   0x000000b8   Code   RO          224    i.ADC_RegularChannelConfig  stm32f10x_adc.o
    0x0800219c   0x0800219c   0x0000000a   Code   RO          225    i.ADC_ResetCalibration  stm32f10x_adc.o
    0x080021a6   0x080021a6   0x00000016   Code   RO          227    i.ADC_SoftwareStartConvCmd  stm32f10x_adc.o
    0x080021bc   0x080021bc   0x0000000a   Code   RO          229    i.ADC_StartCalibration  stm32f10x_adc.o
    0x080021c6   0x080021c6   0x00000002   PAD
    0x080021c8   0x080021c8   0x00000024   Code   RO         4265    i.AD_GetValue       ad.o
    0x080021ec   0x080021ec   0x000000a0   Code   RO         4266    i.AD_Init           ad.o
    0x0800228c   0x0800228c   0x0000001c   Code   RO          431    i.BKP_ReadBackupRegister  stm32f10x_bkp.o
    0x080022a8   0x080022a8   0x0000001c   Code   RO          435    i.BKP_WriteBackupRegister  stm32f10x_bkp.o
    0x080022c4   0x080022c4   0x00000004   Code   RO         4454    i.BusFault_Handler  stm32f10x_it.o
    0x080022c8   0x080022c8   0x00000034   Code   RO         4020    i.Change_RTC_Time   settime.o
    0x080022fc   0x080022fc   0x0000006c   Code   RO         4283    i.DHT11_CacheGet    dht11.o
    0x08002368   0x08002368   0x00000024   Code   RO         4284    i.DHT11_CacheInit   dht11.o
    0x0800238c   0x0800238c   0x000000cc   Code   RO         4285    i.DHT11_CacheUpdate  dht11.o
    0x08002458   0x08002458   0x00000068   Code   RO         4286    i.DHT11_Check       dht11.o
    0x080024c0   0x080024c0   0x00000030   Code   RO         4287    i.DHT11_Init        dht11.o
    0x080024f0   0x080024f0   0x000000ac   Code   RO         3682    i.DHT11_Page        menu.o
    0x0800259c   0x0800259c   0x00000058   Code   RO         4288    i.DHT11_Read_Bit    dht11.o
    0x080025f4   0x080025f4   0x0000001e   Code   RO         4289    i.DHT11_Read_Byte   dht11.o
    0x08002612   0x08002612   0x00000002   PAD
    0x08002614   0x08002614   0x00000040   Code   RO         4291    i.DHT11_Rst         dht11.o
    0x08002654   0x08002654   0x00000028   Code   RO         3196    i.Delay_BusyWait_us  delay.o
    0x0800267c   0x0800267c   0x0000005c   Code   RO         3197    i.Delay_TIM4_InitOnce  delay.o
    0x080026d8   0x080026d8   0x00000048   Code   RO         3198    i.Delay_ms          delay.o
    0x08002720   0x08002720   0x00000018   Code   RO         3199    i.Delay_s           delay.o
    0x08002738   0x08002738   0x00000024   Code   RO         3200    i.Delay_us          delay.o
    0x0800275c   0x0800275c   0x00000040   Code   RO         4198    i.DinoGame_Animation  dino.o
    0x0800279c   0x0800279c   0x0000002c   Code   RO         4199    i.DinoGame_Pos_Init  dino.o
    0x080027c8   0x080027c8   0x000000e4   Code   RO         4200    i.Dino_Tick         dino.o
    0x080028ac   0x080028ac   0x00000028   Code   RO         4345    i.Display_RequestRefresh  main.o
    0x080028d4   0x080028d4   0x0000001c   Code   RO         4346    i.Display_Task      main.o
    0x080028f0   0x080028f0   0x00000034   Code   RO         3683    i.Emoji             menu.o
    0x08002924   0x08002924   0x0000004c   Code   RO         1046    i.FLASH_ErasePage   stm32f10x_flash.o
    0x08002970   0x08002970   0x00000034   Code   RO         1047    i.FLASH_GetBank1Status  stm32f10x_flash.o
    0x080029a4   0x080029a4   0x00000014   Code   RO         1056    i.FLASH_Lock        stm32f10x_flash.o
    0x080029b8   0x080029b8   0x00000040   Code   RO         1059    i.FLASH_ProgramHalfWord  stm32f10x_flash.o
    0x080029f8   0x080029f8   0x00000018   Code   RO         1064    i.FLASH_Unlock      stm32f10x_flash.o
    0x08002a10   0x08002a10   0x00000026   Code   RO         1068    i.FLASH_WaitForLastOperation  stm32f10x_flash.o
    0x08002a36   0x08002a36   0x00000002   PAD
    0x08002a38   0x08002a38   0x000000e0   Code   RO         3684    i.First_Page_Clock  menu.o
    0x08002b18   0x08002b18   0x00000116   Code   RO         1347    i.GPIO_Init         stm32f10x_gpio.o
    0x08002c2e   0x08002c2e   0x00000012   Code   RO         1351    i.GPIO_ReadInputDataBit  stm32f10x_gpio.o
    0x08002c40   0x08002c40   0x00000004   Code   RO         1354    i.GPIO_ResetBits    stm32f10x_gpio.o
    0x08002c44   0x08002c44   0x00000004   Code   RO         1355    i.GPIO_SetBits      stm32f10x_gpio.o
    0x08002c48   0x08002c48   0x0000000a   Code   RO         1358    i.GPIO_WriteBit     stm32f10x_gpio.o
    0x08002c52   0x08002c52   0x00000002   PAD
    0x08002c54   0x08002c54   0x000000dc   Code   RO         3685    i.Game              menu.o
    0x08002d30   0x08002d30   0x00000044   Code   RO         3686    i.Gradienter        menu.o
    0x08002d74   0x08002d74   0x00000004   Code   RO         4455    i.HardFault_Handler  stm32f10x_it.o
    0x08002d78   0x08002d78   0x00000034   Code   RO         3940    i.Key3_Tick         key.o
    0x08002dac   0x08002dac   0x00000050   Code   RO         3941    i.Key_GetNum        key.o
    0x08002dfc   0x08002dfc   0x00000054   Code   RO         3942    i.Key_GetState      key.o
    0x08002e50   0x08002e50   0x0000005c   Code   RO         3943    i.Key_Init          key.o
    0x08002eac   0x08002eac   0x00000012   Code   RO         3944    i.Key_IsSchedulerRunning  key.o
    0x08002ebe   0x08002ebe   0x00000020   Code   RO         4347    i.Key_Task          main.o
    0x08002ede   0x08002ede   0x00000002   PAD
    0x08002ee0   0x08002ee0   0x00000074   Code   RO         3946    i.Key_Tick          key.o
    0x08002f54   0x08002f54   0x00000070   Code   RO         3947    i.Key_WaitNum       key.o
    0x08002fc4   0x08002fc4   0x000000e0   Code   RO         3687    i.LED               menu.o
    0x080030a4   0x080030a4   0x0000004c   Code   RO         3996    i.LED_Init          led.o
    0x080030f0   0x080030f0   0x00000014   Code   RO         3997    i.LED_OFF           led.o
    0x08003104   0x08003104   0x00000014   Code   RO         3998    i.LED_ON            led.o
    0x08003118   0x08003118   0x00000054   Code   RO         3688    i.MPU6050           menu.o
    0x0800316c   0x0800316c   0x000001d4   Code   RO         3689    i.MPU6050_Calculation  menu.o
    0x08003340   0x08003340   0x000000ac   Code   RO         4090    i.MPU6050_GetData   mpu6050.o
    0x080033ec   0x080033ec   0x00000038   Code   RO         4092    i.MPU6050_Init      mpu6050.o
    0x08003424   0x08003424   0x0000003e   Code   RO         4093    i.MPU6050_ReadReg   mpu6050.o
    0x08003462   0x08003462   0x0000002e   Code   RO         4094    i.MPU6050_WriteReg  mpu6050.o
    0x08003490   0x08003490   0x00000004   Code   RO         4456    i.MemManage_Handler  stm32f10x_it.o
    0x08003494   0x08003494   0x0000016c   Code   RO         3690    i.Menu              menu.o
    0x08003600   0x08003600   0x00000098   Code   RO         3691    i.MenuToFunction    menu.o
    0x08003698   0x08003698   0x00000154   Code   RO         3692    i.Menu_Animation    menu.o
    0x080037ec   0x080037ec   0x00000014   Code   RO         3308    i.MyFLASH_ErasePage  myflash.o
    0x08003800   0x08003800   0x00000018   Code   RO         3309    i.MyFLASH_ProgramHalfWord  myflash.o
    0x08003818   0x08003818   0x00000038   Code   RO         4132    i.MyI2C_Init        myi2c.o
    0x08003850   0x08003850   0x0000001c   Code   RO         4133    i.MyI2C_R_SDA       myi2c.o
    0x0800386c   0x0800386c   0x0000001e   Code   RO         4134    i.MyI2C_ReceiveAck  myi2c.o
    0x0800388a   0x0800388a   0x00000032   Code   RO         4135    i.MyI2C_ReceiveByte  myi2c.o
    0x080038bc   0x080038bc   0x00000018   Code   RO         4136    i.MyI2C_SendAck     myi2c.o
    0x080038d4   0x080038d4   0x00000032   Code   RO         4137    i.MyI2C_SendByte    myi2c.o
    0x08003906   0x08003906   0x0000001c   Code   RO         4138    i.MyI2C_Start       myi2c.o
    0x08003922   0x08003922   0x00000016   Code   RO         4139    i.MyI2C_Stop        myi2c.o
    0x08003938   0x08003938   0x0000001c   Code   RO         4140    i.MyI2C_W_SCL       myi2c.o
    0x08003954   0x08003954   0x0000001c   Code   RO         4141    i.MyI2C_W_SDA       myi2c.o
    0x08003970   0x08003970   0x00000072   Code   RO         3265    i.MyRTC_Init        myrtc.o
    0x080039e2   0x080039e2   0x00000002   PAD
    0x080039e4   0x080039e4   0x00000048   Code   RO         3266    i.MyRTC_ReadTime    myrtc.o
    0x08003a2c   0x08003a2c   0x0000004c   Code   RO         3267    i.MyRTC_SetTime     myrtc.o
    0x08003a78   0x08003a78   0x00000002   Code   RO         4457    i.NMI_Handler       stm32f10x_it.o
    0x08003a7a   0x08003a7a   0x00000002   PAD
    0x08003a7c   0x08003a7c   0x00000014   Code   RO          138    i.NVIC_PriorityGroupConfig  misc.o
    0x08003a90   0x08003a90   0x00000028   Code   RO         3385    i.OLED_Clear        oled.o
    0x08003ab8   0x08003ab8   0x00000090   Code   RO         3386    i.OLED_ClearArea    oled.o
    0x08003b48   0x08003b48   0x00000160   Code   RO         3388    i.OLED_DrawCircle   oled.o
    0x08003ca8   0x08003ca8   0x0000032c   Code   RO         3389    i.OLED_DrawEllipse  oled.o
    0x08003fd4   0x08003fd4   0x00000050   Code   RO         3391    i.OLED_DrawPoint    oled.o
    0x08004024   0x08004024   0x00000060   Code   RO         3394    i.OLED_GPIO_Init    oled.o
    0x08004084   0x08004084   0x0000003e   Code   RO         3396    i.OLED_I2C_SendByte  oled.o
    0x080040c2   0x080040c2   0x0000001c   Code   RO         3397    i.OLED_I2C_Start    oled.o
    0x080040de   0x080040de   0x00000016   Code   RO         3398    i.OLED_I2C_Stop     oled.o
    0x080040f4   0x080040f4   0x000000a6   Code   RO         3399    i.OLED_Init         oled.o
    0x0800419a   0x0800419a   0x00000012   Code   RO         3401    i.OLED_IsSchedulerRunning  oled.o
    0x080041ac   0x080041ac   0x00000020   Code   RO         3402    i.OLED_Lock         oled.o
    0x080041cc   0x080041cc   0x00000018   Code   RO         3403    i.OLED_MutexInit    oled.o
    0x080041e4   0x080041e4   0x00000014   Code   RO         3404    i.OLED_Pow          oled.o
    0x080041f8   0x080041f8   0x00000032   Code   RO         3405    i.OLED_Printf       oled.o
    0x0800422a   0x0800422a   0x00000002   PAD
    0x0800422c   0x0800422c   0x00000090   Code   RO         3407    i.OLED_ReverseArea  oled.o
    0x080042bc   0x080042bc   0x00000022   Code   RO         3408    i.OLED_SetCursor    oled.o
    0x080042de   0x080042de   0x00000002   PAD
    0x080042e0   0x080042e0   0x00000078   Code   RO         3410    i.OLED_ShowChar     oled.o
    0x08004358   0x08004358   0x000000fc   Code   RO         3413    i.OLED_ShowImage    oled.o
    0x08004454   0x08004454   0x0000004c   Code   RO         3414    i.OLED_ShowNum      oled.o
    0x080044a0   0x080044a0   0x00000110   Code   RO         3416    i.OLED_ShowString   oled.o
    0x080045b0   0x080045b0   0x0000001c   Code   RO         3417    i.OLED_Unlock       oled.o
    0x080045cc   0x080045cc   0x00000030   Code   RO         3418    i.OLED_Update       oled.o
    0x080045fc   0x080045fc   0x00000018   Code   RO         3420    i.OLED_W_SCL        oled.o
    0x08004614   0x08004614   0x00000018   Code   RO         3421    i.OLED_W_SDA        oled.o
    0x0800462c   0x0800462c   0x00000028   Code   RO         3422    i.OLED_WriteCommand  oled.o
    0x08004654   0x08004654   0x00000036   Code   RO         3423    i.OLED_WriteData    oled.o
    0x0800468a   0x0800468a   0x00000002   PAD
    0x0800468c   0x0800468c   0x0000000c   Code   RO         1710    i.PWR_BackupAccessCmd  stm32f10x_pwr.o
    0x08004698   0x08004698   0x00000024   Code   RO         3693    i.Peripheral_Init   menu.o
    0x080046bc   0x080046bc   0x00000018   Code   RO         1773    i.RCC_ADCCLKConfig  stm32f10x_rcc.o
    0x080046d4   0x080046d4   0x00000020   Code   RO         1775    i.RCC_APB1PeriphClockCmd  stm32f10x_rcc.o
    0x080046f4   0x080046f4   0x00000020   Code   RO         1777    i.RCC_APB2PeriphClockCmd  stm32f10x_rcc.o
    0x08004714   0x08004714   0x0000003c   Code   RO         1786    i.RCC_GetFlagStatus  stm32f10x_rcc.o
    0x08004750   0x08004750   0x00000034   Code   RO         1793    i.RCC_LSEConfig     stm32f10x_rcc.o
    0x08004784   0x08004784   0x0000000c   Code   RO         1800    i.RCC_RTCCLKCmd     stm32f10x_rcc.o
    0x08004790   0x08004790   0x00000010   Code   RO         1801    i.RCC_RTCCLKConfig  stm32f10x_rcc.o
    0x080047a0   0x080047a0   0x00000014   Code   RO         1978    i.RTC_EnterConfigMode  stm32f10x_rtc.o
    0x080047b4   0x080047b4   0x00000014   Code   RO         1979    i.RTC_ExitConfigMode  stm32f10x_rtc.o
    0x080047c8   0x080047c8   0x00000014   Code   RO         1980    i.RTC_GetCounter    stm32f10x_rtc.o
    0x080047dc   0x080047dc   0x0000001c   Code   RO         1986    i.RTC_SetCounter    stm32f10x_rtc.o
    0x080047f8   0x080047f8   0x00000020   Code   RO         1987    i.RTC_SetPrescaler  stm32f10x_rtc.o
    0x08004818   0x08004818   0x00000014   Code   RO         1988    i.RTC_WaitForLastTask  stm32f10x_rtc.o
    0x0800482c   0x0800482c   0x00000024   Code   RO         1989    i.RTC_WaitForSynchro  stm32f10x_rtc.o
    0x08004850   0x08004850   0x00000030   Code   RO         4348    i.Sensor_Task       main.o
    0x08004880   0x08004880   0x0000007c   Code   RO         4021    i.SetDay            settime.o
    0x080048fc   0x080048fc   0x00000080   Code   RO         4022    i.SetHour           settime.o
    0x0800497c   0x0800497c   0x00000080   Code   RO         4023    i.SetMin            settime.o
    0x080049fc   0x080049fc   0x00000080   Code   RO         4024    i.SetMonth          settime.o
    0x08004a7c   0x08004a7c   0x00000080   Code   RO         4025    i.SetSec            settime.o
    0x08004afc   0x08004afc   0x00000008   Code   RO           24    i.SetSysClock       system_stm32f10x.o
    0x08004b04   0x08004b04   0x000000e0   Code   RO           25    i.SetSysClockTo72   system_stm32f10x.o
    0x08004be4   0x08004be4   0x0000017c   Code   RO         4026    i.SetTime           settime.o
    0x08004d60   0x08004d60   0x00000058   Code   RO         4027    i.SetYear           settime.o
    0x08004db8   0x08004db8   0x00000024   Code   RO         3694    i.Set_Selection     menu.o
    0x08004ddc   0x08004ddc   0x000000dc   Code   RO         3695    i.SettingPage       menu.o
    0x08004eb8   0x08004eb8   0x00000070   Code   RO         4201    i.Show_Barrier      dino.o
    0x08004f28   0x08004f28   0x0000014c   Code   RO         3696    i.Show_Battery      menu.o
    0x08005074   0x08005074   0x00000090   Code   RO         3697    i.Show_Clock_UI     menu.o
    0x08005104   0x08005104   0x00000024   Code   RO         4202    i.Show_Cloud        dino.o
    0x08005128   0x08005128   0x00000090   Code   RO         3698    i.Show_DHT11_UI     menu.o
    0x080051b8   0x080051b8   0x00000104   Code   RO         4203    i.Show_Dino         dino.o
    0x080052bc   0x080052bc   0x00000110   Code   RO         3699    i.Show_Emoji_UI     menu.o
    0x080053cc   0x080053cc   0x00000030   Code   RO         3700    i.Show_Game_UI      menu.o
    0x080053fc   0x080053fc   0x00000050   Code   RO         3701    i.Show_Gradienter_UI  menu.o
    0x0800544c   0x0800544c   0x0000007c   Code   RO         4204    i.Show_Ground       dino.o
    0x080054c8   0x080054c8   0x00000038   Code   RO         3702    i.Show_LED_UI       menu.o
    0x08005500   0x08005500   0x00000090   Code   RO         3703    i.Show_MPU6050_UI   menu.o
    0x08005590   0x08005590   0x00000090   Code   RO         3704    i.Show_Record       menu.o
    0x08005620   0x08005620   0x0000001c   Code   RO         4205    i.Show_Score        dino.o
    0x0800563c   0x0800563c   0x0000006c   Code   RO         4028    i.Show_SetTime_FirstUI  settime.o
    0x080056a8   0x080056a8   0x00000058   Code   RO         4029    i.Show_SetTime_SecondUI  settime.o
    0x08005700   0x08005700   0x00000034   Code   RO         3705    i.Show_SettingPage_UI  menu.o
    0x08005734   0x08005734   0x00000044   Code   RO         3706    i.Show_Steps_UI     menu.o
    0x08005778   0x08005778   0x00000090   Code   RO         3707    i.Show_StopWatch_UI  menu.o
    0x08005808   0x08005808   0x000000c4   Code   RO         3708    i.Start_Steps       menu.o
    0x080058cc   0x080058cc   0x0000001c   Code   RO         4349    i.Step_Task         main.o
    0x080058e8   0x080058e8   0x00000100   Code   RO         3709    i.Steps             menu.o
    0x080059e8   0x080059e8   0x0000002c   Code   RO         3710    i.Steps_BackgroundInit  menu.o
    0x08005a14   0x08005a14   0x000000a4   Code   RO         3711    i.Steps_BackgroundTick  menu.o
    0x08005ab8   0x08005ab8   0x0000000c   Code   RO         3712    i.Steps_GetSession  menu.o
    0x08005ac4   0x08005ac4   0x00000024   Code   RO         3713    i.Steps_ResetSession  menu.o
    0x08005ae8   0x08005ae8   0x00000014   Code   RO         3714    i.Steps_SetRunning  menu.o
    0x08005afc   0x08005afc   0x0000011c   Code   RO         3715    i.StopWatch         menu.o
    0x08005c18   0x08005c18   0x00000078   Code   RO         3716    i.StopWatch_Tick    menu.o
    0x08005c90   0x08005c90   0x00000030   Code   RO         3357    i.Store_Save        store.o
    0x08005cc0   0x08005cc0   0x00000034   Code   RO         5502    i.SysTick_Handler   port.o
    0x08005cf4   0x08005cf4   0x00000060   Code   RO           27    i.SystemInit        system_stm32f10x.o
    0x08005d54   0x08005d54   0x00000018   Code   RO         2421    i.TIM_Cmd           stm32f10x_tim.o
    0x08005d6c   0x08005d6c   0x00000006   Code   RO         2440    i.TIM_GetCounter    stm32f10x_tim.o
    0x08005d72   0x08005d72   0x00000004   Code   RO         2486    i.TIM_SetCounter    stm32f10x_tim.o
    0x08005d76   0x08005d76   0x00000002   PAD
    0x08005d78   0x08005d78   0x000000a4   Code   RO         2492    i.TIM_TimeBaseInit  stm32f10x_tim.o
    0x08005e1c   0x08005e1c   0x00000012   Code   RO         2493    i.TIM_TimeBaseStructInit  stm32f10x_tim.o
    0x08005e2e   0x08005e2e   0x00000020   Code   RO         4350    i.Tick_Task         main.o
    0x08005e4e   0x08005e4e   0x00000024   Code   RO         4351    i.UI_Task           main.o
    0x08005e72   0x08005e72   0x00000004   Code   RO         4458    i.UsageFault_Handler  stm32f10x_it.o
    0x08005e76   0x08005e76   0x00000028   Code   RO         5936    i.__ARM_fpclassify  m_ws.l(fpclassify.o)
    0x08005e9e   0x08005e9e   0x00000002   PAD
    0x08005ea0   0x08005ea0   0x00000388   Code   RO         5881    i.__ieee754_rem_pio2  m_ws.l(rred.o)
    0x08006228   0x08006228   0x000000fc   Code   RO         5863    i.__kernel_cos      m_ws.l(cos_i.o)
    0x08006324   0x08006324   0x000000aa   Code   RO         5938    i.__kernel_poly     m_ws.l(poly.o)
    0x080063ce   0x080063ce   0x00000002   PAD
    0x080063d0   0x080063d0   0x000000ec   Code   RO         5886    i.__kernel_sin      m_ws.l(sin_i.o)
    0x080064bc   0x080064bc   0x00000006   Code   RO         5867    i.__mathlib_dbl_infnan  m_ws.l(dunder.o)
    0x080064c2   0x080064c2   0x00000004   Code   RO         5868    i.__mathlib_dbl_infnan2  m_ws.l(dunder.o)
    0x080064c6   0x080064c6   0x0000000c   Code   RO         5869    i.__mathlib_dbl_invalid  m_ws.l(dunder.o)
    0x080064d2   0x080064d2   0x00000002   PAD
    0x080064d4   0x080064d4   0x00000010   Code   RO         5872    i.__mathlib_dbl_underflow  m_ws.l(dunder.o)
    0x080064e4   0x080064e4   0x0000000e   Code   RO         5749    i._is_digit         c_w.l(__printf_wp.o)
    0x080064f2   0x080064f2   0x00000002   PAD
    0x080064f4   0x080064f4   0x00000220   Code   RO         5854    i.atan              m_ws.l(atan.o)
    0x08006714   0x08006714   0x00000180   Code   RO         5671    i.atan2             m_ws.l(atan2.o)
    0x08006894   0x08006894   0x0000005c   Code   RO         4206    i.isColliding       dino.o
    0x080068f0   0x080068f0   0x000000e4   Code   RO         4352    i.main              main.o
    0x080069d4   0x080069d4   0x000000c0   Code   RO         4962    i.prvAddCurrentTaskToDelayedList  tasks.o
    0x08006a94   0x08006a94   0x000000e4   Code   RO         4963    i.prvAddNewTaskToReadyList  tasks.o
    0x08006b78   0x08006b78   0x00000064   Code   RO         5296    i.prvCheckForValidListAndQueue  timers.o
    0x08006bdc   0x08006bdc   0x00000048   Code   RO         4964    i.prvCheckTasksWaitingTermination  tasks.o
    0x08006c24   0x08006c24   0x0000002a   Code   RO         4631    i.prvCopyDataFromQueue  queue.o
    0x08006c4e   0x08006c4e   0x0000007e   Code   RO         4632    i.prvCopyDataToQueue  queue.o
    0x08006ccc   0x08006ccc   0x00000012   Code   RO         4965    i.prvDeleteTCB      tasks.o
    0x08006cde   0x08006cde   0x00000014   Code   RO         4633    i.prvGetDisinheritPriorityAfterTimeout  queue.o
    0x08006cf2   0x08006cf2   0x00000002   PAD
    0x08006cf4   0x08006cf4   0x00000028   Code   RO         5297    i.prvGetNextExpireTime  timers.o
    0x08006d1c   0x08006d1c   0x00000070   Code   RO         5440    i.prvHeapInit       heap_4.o
    0x08006d8c   0x08006d8c   0x0000002c   Code   RO         4966    i.prvIdleTask       tasks.o
    0x08006db8   0x08006db8   0x0000001e   Code   RO         4634    i.prvInitialiseMutex  queue.o
    0x08006dd6   0x08006dd6   0x00000026   Code   RO         4635    i.prvInitialiseNewQueue  queue.o
    0x08006dfc   0x08006dfc   0x000000cc   Code   RO         4967    i.prvInitialiseNewTask  tasks.o
    0x08006ec8   0x08006ec8   0x00000068   Code   RO         4968    i.prvInitialiseTaskLists  tasks.o
    0x08006f30   0x08006f30   0x00000068   Code   RO         5441    i.prvInsertBlockIntoFreeList  heap_4.o
    0x08006f98   0x08006f98   0x00000058   Code   RO         5299    i.prvInsertTimerInActiveList  timers.o
    0x08006ff0   0x08006ff0   0x0000001a   Code   RO         4636    i.prvIsQueueEmpty   queue.o
    0x0800700a   0x0800700a   0x0000001e   Code   RO         4637    i.prvIsQueueFull    queue.o
    0x08007028   0x08007028   0x00000044   Code   RO         5300    i.prvProcessExpiredTimer  timers.o
    0x0800706c   0x0800706c   0x0000012c   Code   RO         5301    i.prvProcessReceivedCommands  timers.o
    0x08007198   0x08007198   0x00000074   Code   RO         5302    i.prvProcessTimerOrBlockTask  timers.o
    0x0800720c   0x0800720c   0x00000028   Code   RO         5303    i.prvReloadTimer    timers.o
    0x08007234   0x08007234   0x00000030   Code   RO         4969    i.prvResetNextTaskUnblockTime  tasks.o
    0x08007264   0x08007264   0x0000002c   Code   RO         5304    i.prvSampleTimeNow  timers.o
    0x08007290   0x08007290   0x00000044   Code   RO         5305    i.prvSwitchTimerLists  timers.o
    0x080072d4   0x080072d4   0x0000005c   Code   RO         5503    i.prvTaskExitError  port.o
    0x08007330   0x08007330   0x0000001a   Code   RO         5306    i.prvTimerTask      timers.o
    0x0800734a   0x0800734a   0x0000007e   Code   RO         4638    i.prvUnlockQueue    queue.o
    0x080073c8   0x080073c8   0x00000140   Code   RO         5443    i.pvPortMalloc      heap_4.o
    0x08007508   0x08007508   0x00000020   Code   RO         4971    i.pvTaskIncrementMutexHeldCount  tasks.o
    0x08007528   0x08007528   0x00000024   Code   RO         5504    i.pxPortInitialiseStack  port.o
    0x0800754c   0x0800754c   0x000000a0   Code   RO         5681    i.sin               m_ws.l(sin.o)
    0x080075ec   0x080075ec   0x000000b4   Code   RO         4972    i.ulTaskGenericNotifyTake  tasks.o
    0x080076a0   0x080076a0   0x00000028   Code   RO         4591    i.uxListRemove      list.o
    0x080076c8   0x080076c8   0x00000004   Code   RO         4353    i.vApplicationIdleHook  main.o
    0x080076cc   0x080076cc   0x0000001a   Code   RO         4354    i.vApplicationMallocFailedHook  main.o
    0x080076e6   0x080076e6   0x0000001a   Code   RO         4355    i.vApplicationStackOverflowHook  main.o
    0x08007700   0x08007700   0x0000001a   Code   RO         4356    i.vAssertCalled     main.o
    0x0800771a   0x0800771a   0x0000001a   Code   RO         4592    i.vListInitialise   list.o
    0x08007734   0x08007734   0x00000006   Code   RO         4593    i.vListInitialiseItem  list.o
    0x0800773a   0x0800773a   0x00000034   Code   RO         4594    i.vListInsert       list.o
    0x0800776e   0x0800776e   0x00000002   PAD
    0x08007770   0x08007770   0x00000074   Code   RO         5506    i.vPortEnterCritical  port.o
    0x080077e4   0x080077e4   0x0000005c   Code   RO         5507    i.vPortExitCritical  port.o
    0x08007840   0x08007840   0x00000098   Code   RO         5444    i.vPortFree         heap_4.o
    0x080078d8   0x080078d8   0x00000018   Code   RO         5508    i.vPortSetupTimerInterrupt  port.o
    0x080078f0   0x080078f0   0x00000070   Code   RO         4642    i.vQueueAddToRegistry  queue.o
    0x08007960   0x08007960   0x0000004a   Code   RO         4645    i.vQueueWaitForMessageRestricted  queue.o
    0x080079aa   0x080079aa   0x00000002   PAD
    0x080079ac   0x080079ac   0x00000068   Code   RO         4978    i.vTaskDelay        tasks.o
    0x08007a14   0x08007a14   0x00000018   Code   RO         4982    i.vTaskInternalSetTimeOutState  tasks.o
    0x08007a2c   0x08007a2c   0x0000000c   Code   RO         4983    i.vTaskMissedYield  tasks.o
    0x08007a38   0x08007a38   0x00000044   Code   RO         4984    i.vTaskPlaceOnEventList  tasks.o
    0x08007a7c   0x08007a7c   0x00000070   Code   RO         4985    i.vTaskPlaceOnEventListRestricted  tasks.o
    0x08007aec   0x08007aec   0x00000118   Code   RO         4987    i.vTaskPriorityDisinheritAfterTimeout  tasks.o
    0x08007c04   0x08007c04   0x000000a8   Code   RO         4992    i.vTaskStartScheduler  tasks.o
    0x08007cac   0x08007cac   0x00000010   Code   RO         4994    i.vTaskSuspendAll   tasks.o
    0x08007cbc   0x08007cbc   0x000000d0   Code   RO         4995    i.vTaskSwitchContext  tasks.o
    0x08007d8c   0x08007d8c   0x00000108   Code   RO         5510    i.xPortStartScheduler  port.o
    0x08007e94   0x08007e94   0x00000022   Code   RO         4647    i.xQueueCreateMutex  queue.o
    0x08007eb6   0x08007eb6   0x00000002   PAD
    0x08007eb8   0x08007eb8   0x00000074   Code   RO         4648    i.xQueueGenericCreate  queue.o
    0x08007f2c   0x08007f2c   0x000000dc   Code   RO         4649    i.xQueueGenericReset  queue.o
    0x08008008   0x08008008   0x00000190   Code   RO         4650    i.xQueueGenericSend  queue.o
    0x08008198   0x08008198   0x00000054   Code   RO         4653    i.xQueueGiveMutexRecursive  queue.o
    0x080081ec   0x080081ec   0x0000015c   Code   RO         4658    i.xQueueReceive     queue.o
    0x08008348   0x08008348   0x00000188   Code   RO         4660    i.xQueueSemaphoreTake  queue.o
    0x080084d0   0x080084d0   0x0000005c   Code   RO         4661    i.xQueueTakeMutexRecursive  queue.o
    0x0800852c   0x0800852c   0x00000090   Code   RO         4997    i.xTaskCheckForTimeOut  tasks.o
    0x080085bc   0x080085bc   0x00000068   Code   RO         4998    i.xTaskCreate       tasks.o
    0x08008624   0x08008624   0x000000cc   Code   RO         4999    i.xTaskDelayUntil   tasks.o
    0x080086f0   0x080086f0   0x000001b8   Code   RO         5000    i.xTaskGenericNotify  tasks.o
    0x080088a8   0x080088a8   0x0000000c   Code   RO         5004    i.xTaskGetCurrentTaskHandle  tasks.o
    0x080088b4   0x080088b4   0x00000020   Code   RO         5005    i.xTaskGetSchedulerState  tasks.o
    0x080088d4   0x080088d4   0x0000000c   Code   RO         5006    i.xTaskGetTickCount  tasks.o
    0x080088e0   0x080088e0   0x000001c8   Code   RO         5008    i.xTaskIncrementTick  tasks.o
    0x08008aa8   0x08008aa8   0x000000f0   Code   RO         5009    i.xTaskPriorityDisinherit  tasks.o
    0x08008b98   0x08008b98   0x000000ec   Code   RO         5010    i.xTaskPriorityInherit  tasks.o
    0x08008c84   0x08008c84   0x0000012c   Code   RO         5011    i.xTaskRemoveFromEventList  tasks.o
    0x08008db0   0x08008db0   0x00000184   Code   RO         5012    i.xTaskResumeAll    tasks.o
    0x08008f34   0x08008f34   0x00000068   Code   RO         5312    i.xTimerCreateTimerTask  timers.o
    0x08008f9c   0x08008f9c   0x0000002c   Code   RO         5980    locale$$code        c_w.l(lc_numeric_c.o)
    0x08008fc8   0x08008fc8   0x0000002c   Code   RO         6005    locale$$code        c_w.l(lc_ctype_c.o)
    0x08008ff4   0x08008ff4   0x00000062   Code   RO         5610    x$fpl$d2f           fz_ws.l(d2f.o)
    0x08009056   0x08009056   0x00000002   PAD
    0x08009058   0x08009058   0x00000150   Code   RO         5612    x$fpl$dadd          fz_ws.l(daddsub_clz.o)
    0x080091a8   0x080091a8   0x00000010   Code   RO         5994    x$fpl$dcheck1       fz_ws.l(dcheck1.o)
    0x080091b8   0x080091b8   0x00000018   Code   RO         5830    x$fpl$dcmpinf       fz_ws.l(dcmpi.o)
    0x080091d0   0x080091d0   0x000002b0   Code   RO         5619    x$fpl$ddiv          fz_ws.l(ddiv.o)
    0x08009480   0x08009480   0x0000005e   Code   RO         5622    x$fpl$dfix          fz_ws.l(dfix.o)
    0x080094de   0x080094de   0x00000002   PAD
    0x080094e0   0x080094e0   0x0000005a   Code   RO         5626    x$fpl$dfixu         fz_ws.l(dfixu.o)
    0x0800953a   0x0800953a   0x0000002e   Code   RO         5631    x$fpl$dflt          fz_ws.l(dflt_clz.o)
    0x08009568   0x08009568   0x00000026   Code   RO         5630    x$fpl$dfltu         fz_ws.l(dflt_clz.o)
    0x0800958e   0x0800958e   0x00000002   PAD
    0x08009590   0x08009590   0x00000078   Code   RO         5636    x$fpl$dleqf         fz_ws.l(dleqf.o)
    0x08009608   0x08009608   0x00000154   Code   RO         5638    x$fpl$dmul          fz_ws.l(dmul.o)
    0x0800975c   0x0800975c   0x0000009c   Code   RO         5832    x$fpl$dnaninf       fz_ws.l(dnaninf.o)
    0x080097f8   0x080097f8   0x0000000c   Code   RO         5834    x$fpl$dretinf       fz_ws.l(dretinf.o)
    0x08009804   0x08009804   0x00000016   Code   RO         5613    x$fpl$drsb          fz_ws.l(daddsub_clz.o)
    0x0800981a   0x0800981a   0x00000002   PAD
    0x0800981c   0x0800981c   0x000001d4   Code   RO         5614    x$fpl$dsub          fz_ws.l(daddsub_clz.o)
    0x080099f0   0x080099f0   0x00000056   Code   RO         5642    x$fpl$f2d           fz_ws.l(f2d.o)
    0x08009a46   0x08009a46   0x00000002   PAD
    0x08009a48   0x08009a48   0x000000c4   Code   RO         5644    x$fpl$fadd          fz_ws.l(faddsub_clz.o)
    0x08009b0c   0x08009b0c   0x00000018   Code   RO         5838    x$fpl$fcmpinf       fz_ws.l(fcmpi.o)
    0x08009b24   0x08009b24   0x00000184   Code   RO         5651    x$fpl$fdiv          fz_ws.l(fdiv.o)
    0x08009ca8   0x08009ca8   0x00000036   Code   RO         5654    x$fpl$ffix          fz_ws.l(ffix.o)
    0x08009cde   0x08009cde   0x00000002   PAD
    0x08009ce0   0x08009ce0   0x00000030   Code   RO         5659    x$fpl$fflt          fz_ws.l(fflt_clz.o)
    0x08009d10   0x08009d10   0x00000026   Code   RO         5658    x$fpl$ffltu         fz_ws.l(fflt_clz.o)
    0x08009d36   0x08009d36   0x00000002   PAD
    0x08009d38   0x08009d38   0x00000068   Code   RO         5664    x$fpl$fleqf         fz_ws.l(fleqf.o)
    0x08009da0   0x08009da0   0x00000102   Code   RO         5666    x$fpl$fmul          fz_ws.l(fmul.o)
    0x08009ea2   0x08009ea2   0x0000008c   Code   RO         5840    x$fpl$fnaninf       fz_ws.l(fnaninf.o)
    0x08009f2e   0x08009f2e   0x0000000a   Code   RO         5842    x$fpl$fretinf       fz_ws.l(fretinf.o)
    0x08009f38   0x08009f38   0x00000062   Code   RO         5668    x$fpl$frleqf        fz_ws.l(frleqf.o)
    0x08009f9a   0x08009f9a   0x00000002   PAD
    0x08009f9c   0x08009f9c   0x000000ea   Code   RO         5646    x$fpl$fsub          fz_ws.l(faddsub_clz.o)
    0x0800a086   0x0800a086   0x00000004   Code   RO         5844    x$fpl$printf1       fz_ws.l(printf1.o)
    0x0800a08a   0x0800a08a   0x00000004   Code   RO         5846    x$fpl$printf2       fz_ws.l(printf2.o)
    0x0800a08e   0x0800a08e   0x00000064   Code   RO         6011    x$fpl$retnan        fz_ws.l(retnan.o)
    0x0800a0f2   0x0800a0f2   0x0000005c   Code   RO         5934    x$fpl$scalbn        fz_ws.l(scalbn.o)
    0x0800a14e   0x0800a14e   0x00000030   Code   RO         6029    x$fpl$trapveneer    fz_ws.l(trapv.o)
    0x0800a17e   0x0800a17e   0x00000000   Code   RO         5852    x$fpl$usenofp       fz_ws.l(usenofp.o)
    0x0800a17e   0x0800a17e   0x000023ef   Data   RO         3670    .constdata          oled_data.o
    0x0800c56d   0x0800c56d   0x00000003   PAD
    0x0800c570   0x0800c570   0x00000008   Data   RO         5708    .constdata          c_w.l(_printf_wctomb.o)
    0x0800c578   0x0800c578   0x00000028   Data   RO         5737    .constdata          c_w.l(_printf_hex_int_ll_ptr.o)
    0x0800c5a0   0x0800c5a0   0x00000011   Data   RO         5757    .constdata          c_w.l(__printf_flags_ss_wp.o)
    0x0800c5b1   0x0800c5b1   0x0000000c   Data   RO         5782    .constdata          c_w.l(_monlen.o)
    0x0800c5bd   0x0800c5bd   0x00000003   PAD
    0x0800c5c0   0x0800c5c0   0x00000098   Data   RO         5855    .constdata          m_ws.l(atan.o)
    0x0800c658   0x0800c658   0x00000030   Data   RO         5864    .constdata          m_ws.l(cos_i.o)
    0x0800c688   0x0800c688   0x00000008   Data   RO         5880    .constdata          m_ws.l(qnan.o)
    0x0800c690   0x0800c690   0x000000c8   Data   RO         5883    .constdata          m_ws.l(rred.o)
    0x0800c758   0x0800c758   0x00000028   Data   RO         5887    .constdata          m_ws.l(sin_i.o)
    0x0800c780   0x0800c780   0x00000026   Data   RO         5919    .constdata          c_w.l(_printf_fp_hex.o)
    0x0800c7a6   0x0800c7a6   0x00000002   PAD
    0x0800c7a8   0x0800c7a8   0x00000094   Data   RO         5955    .constdata          c_w.l(bigflt0.o)
    0x0800c83c   0x0800c83c   0x00000020   Data   RO         6076    Region$$Table       anon$$obj.o
    0x0800c85c   0x0800c85c   0x0000001c   Data   RO         5979    locale$$data        c_w.l(lc_numeric_c.o)
    0x0800c878   0x0800c878   0x00000110   Data   RO         6004    locale$$data        c_w.l(lc_ctype_c.o)


    Execution Region RW_IRAM1 (Exec base: 0x20000000, Load base: 0x0800c988, Size: 0x00003600, Max: 0x00005000, ABSOLUTE, COMPRESSED[0x0000003c])

    Exec Addr    Load Addr    Size         Type   Attr      Idx    E Section Name        Object

    0x20000000   COMPRESSED   0x00000001   Data   RW         3201    .data               delay.o
    0x20000001   COMPRESSED   0x00000003   PAD
    0x20000004   COMPRESSED   0x00000018   Data   RW         3268    .data               myrtc.o
    0x2000001c   COMPRESSED   0x00000004   Data   RW         3426    .data               oled.o
    0x20000020   COMPRESSED   0x0000006c   Data   RW         3717    .data               menu.o
    0x2000008c   COMPRESSED   0x0000000f   Data   RW         3948    .data               key.o
    0x2000009b   COMPRESSED   0x00000001   PAD
    0x2000009c   COMPRESSED   0x00000004   Data   RW         4030    .data               settime.o
    0x200000a0   COMPRESSED   0x00000018   Data   RW         4207    .data               dino.o
    0x200000b8   COMPRESSED   0x00000007   Data   RW         4292    .data               dht11.o
    0x200000bf   COMPRESSED   0x00000001   PAD
    0x200000c0   COMPRESSED   0x00000004   Data   RW         4357    .data               main.o
    0x200000c4   COMPRESSED   0x00000040   Data   RW         5015    .data               tasks.o
    0x20000104   COMPRESSED   0x00000014   Data   RW         5320    .data               timers.o
    0x20000118   COMPRESSED   0x0000001c   Data   RW         5450    .data               heap_4.o
    0x20000134   COMPRESSED   0x0000000c   Data   RW         5511    .data               port.o
    0x20000140        -       0x0000001a   Zero   RW         3358    .bss                store.o
    0x2000015a        -       0x00000400   Zero   RW         3425    .bss                oled.o
    0x2000055a   COMPRESSED   0x00000002   PAD
    0x2000055c        -       0x00000040   Zero   RW         4662    .bss                queue.o
    0x2000059c        -       0x000000c8   Zero   RW         5014    .bss                tasks.o
    0x20000664        -       0x00000028   Zero   RW         5319    .bss                timers.o
    0x2000068c        -       0x00002800   Zero   RW         5449    .bss                heap_4.o
    0x20002e8c        -       0x000000e4   Zero   RW         5584    .bss                c_w.l(rand.o)
    0x20002f70        -       0x0000002c   Zero   RW         5602    .bss                c_w.l(localtime.o)
    0x20002f9c        -       0x00000060   Zero   RW         5941    .bss                c_w.l(libspace.o)
    0x20002ffc   COMPRESSED   0x00000004   PAD
    0x20003000        -       0x00000200   Zero   RW            2    HEAP                startup_stm32f10x_md.o
    0x20003200        -       0x00000400   Zero   RW            1    STACK               startup_stm32f10x_md.o


==============================================================================

Image component sizes


      Code (inc. data)   RO Data    RW Data    ZI Data      Debug   Object Name

       196         14          0          0          0        972   ad.o
         0          0          0          0          0       4500   core_cm3.o
       264         12          0          1          0      17080   delay.o
       682         66          0          7          0       5009   dht11.o
       988        168          0         24          0       6828   dino.o
         0          0          0          0          0      13028   event_groups.o
       688        130          0         28      10240       4391   heap_4.o
       554         68          0         15          0       3681   key.o
       116         18          0          0          0       1198   led.o
       124          0          0          0          0       2413   list.o
       554         74          0          4          0      14882   main.o
      5420        666          0        108          0      20268   menu.o
        20         10          0          0          0     211071   misc.o
       336          0          0          0          0       2586   mpu6050.o
        44          0          0          0          0        994   myflash.o
       344         18          0          0          0       4506   myi2c.o
       262         10          0         24          0       2839   myrtc.o
      3062         80          0          4       1024      20719   oled.o
         0          0       9199          0          0       1478   oled_data.o
       826        230          0         12          0       9272   port.o
      2310        222          0          0         64      17187   queue.o
      1352        140          0          4          0       5501   settime.o
        64         26        236          0       1536        788   startup_stm32f10x_md.o
       394         10          0          0          0      16213   stm32f10x_adc.o
        56         10          0          0          0       1983   stm32f10x_bkp.o
       274         30          0          0          0       9282   stm32f10x_flash.o
       314          0          0          0          0      12088   stm32f10x_gpio.o
        18          0          0          0          0       1918   stm32f10x_it.o
        12          6          0          0          0        442   stm32f10x_pwr.o
       228         38          0          0          0       3408   stm32f10x_rcc.o
       176         34          0          0          0       3031   stm32f10x_rtc.o
       216         42          0          0          0      23196   stm32f10x_tim.o
        48         10          0          0         26        954   store.o
       328         28          0          0          0      30273   system_stm32f10x.o
      4682        802          0         64        200      36102   tasks.o
       994        166          0         20         40      10068   timers.o

    ----------------------------------------------------------------------
     25978       3128       9470        320      13132     520149   Object Totals
         0          0         32          0          0          0   (incl. Generated)
        32          0          3          5          2          0   (incl. Padding)

    ----------------------------------------------------------------------

      Code (inc. data)   RO Data    RW Data    ZI Data      Debug   Library Member Name

        58          0          0          0          0          0   __dczerorl.o
         8          0          0          0          0         68   __main.o
       392          4         17          0          0         92   __printf_flags_ss_wp.o
        14          0          0          0          0         68   __printf_wp.o
         0          0          0          0          0          0   __rtentry.o
        12          0          0          0          0          0   __rtentry2.o
         6          0          0          0          0          0   __rtentry4.o
        52          8          0          0          0          0   __scatter.o
        28          0          0          0          0          0   __scatter_zi.o
         0          0         12          0          0          0   _monlen.o
         6          0          0          0          0          0   _printf_a.o
         6          0          0          0          0          0   _printf_c.o
        44          0          0          0          0        108   _printf_char.o
        48          6          0          0          0         96   _printf_char_common.o
        40          0          0          0          0         68   _printf_charcount.o
         6          0          0          0          0          0   _printf_d.o
       120         16          0          0          0         92   _printf_dec.o
         6          0          0          0          0          0   _printf_e.o
         6          0          0          0          0          0   _printf_f.o
      1054          0          0          0          0        216   _printf_fp_dec.o
       764          8         38          0          0        100   _printf_fp_hex.o
       128         16          0          0          0         84   _printf_fp_infnan.o
         6          0          0          0          0          0   _printf_g.o
       148          4         40          0          0        160   _printf_hex_int_ll_ptr.o
         6          0          0          0          0          0   _printf_i.o
       178          0          0          0          0         88   _printf_intcommon.o
        10          0          0          0          0          0   _printf_l.o
         6          0          0          0          0          0   _printf_lc.o
        10          0          0          0          0          0   _printf_ll.o
         6          0          0          0          0          0   _printf_lld.o
         6          0          0          0          0          0   _printf_lli.o
         6          0          0          0          0          0   _printf_llo.o
         6          0          0          0          0          0   _printf_llu.o
         6          0          0          0          0          0   _printf_llx.o
       124         16          0          0          0         92   _printf_longlong_dec.o
         6          0          0          0          0          0   _printf_ls.o
         6          0          0          0          0          0   _printf_n.o
         6          0          0          0          0          0   _printf_o.o
       112         10          0          0          0        124   _printf_oct_int_ll.o
         6          0          0          0          0          0   _printf_p.o
        78          0          0          0          0        108   _printf_pad.o
         0          0          0          0          0          0   _printf_percent.o
         4          0          0          0          0          0   _printf_percent_end.o
         6          0          0          0          0          0   _printf_s.o
        82          0          0          0          0         80   _printf_str.o
        36          0          0          0          0         84   _printf_truncate.o
         6          0          0          0          0          0   _printf_u.o
        44          0          0          0          0        108   _printf_wchar.o
       188          6          8          0          0         92   _printf_wctomb.o
         6          0          0          0          0          0   _printf_x.o
        22          0          0          0          0        100   _rserrno.o
        10          0          0          0          0         68   _sputc.o
        64          0          0          0          0         92   _wcrtomb.o
        16          0          0          0          0         68   aeabi_memset.o
       228          4        148          0          0         96   bigflt0.o
      1936        128          0          0          0        672   btod.o
        18          0          0          0          0         80   exit.o
         6          0          0          0          0        152   heapauxi.o
         0          0          0          0          0          0   indicate_semi.o
        44         10        272          0          0         76   lc_ctype_c.o
        44         10         28          0          0         76   lc_numeric_c.o
         2          0          0          0          0          0   libinit.o
        34          0          0          0          0          0   libinit2.o
         2          0          0          0          0          0   libshutdown.o
         2          0          0          0          0          0   libshutdown2.o
         8          4          0          0         96         68   libspace.o
       138          0          0          0          0         80   lludiv10.o
        12          6          0          0         44         68   localtime.o
       184          6          0          0          0         80   localtime_internal.o
       428         10          0          0          0        116   mktime.o
       112         18          0          0        228        160   rand.o
        16          4          0          0          0         76   rt_ctype_table.o
         8          4          0          0          0         68   rt_errno_addr_intlibspace.o
         8          4          0          0          0         68   rt_locale_intlibspace.o
        68          0          0          0          0         68   rt_memclr.o
        78          0          0          0          0         80   rt_memclr_w.o
       138          0          0          0          0         68   rt_memcpy_v6.o
       100          0          0          0          0         80   rt_memcpy_w.o
         2          0          0          0          0          0   rtexit.o
        10          0          0          0          0          0   rtexit2.o
       128          0          0          0          0         68   strcmpv7m.o
        12          4          0          0          0         68   sys_exit.o
        74          0          0          0          0         80   sys_stackheap_outer.o
         2          0          0          0          0         68   use_no_semi.o
        36          4          0          0          0         76   vsprintf.o
        98          4          0          0          0         92   d2f.o
       826         16          0          0          0        348   daddsub_clz.o
        16          4          0          0          0         68   dcheck1.o
        24          0          0          0          0         68   dcmpi.o
       688        140          0          0          0        208   ddiv.o
        94          4          0          0          0         92   dfix.o
        90          4          0          0          0         92   dfixu.o
        84          0          0          0          0        136   dflt_clz.o
       120          4          0          0          0         92   dleqf.o
       340         12          0          0          0        104   dmul.o
       156          4          0          0          0         92   dnaninf.o
        12          0          0          0          0         68   dretinf.o
        86          4          0          0          0         84   f2d.o
       430          8          0          0          0        168   faddsub_clz.o
        24          0          0          0          0         68   fcmpi.o
       388         76          0          0          0         96   fdiv.o
        54          4          0          0          0         84   ffix.o
        86          0          0          0          0        136   fflt_clz.o
       104          4          0          0          0         84   fleqf.o
       258          4          0          0          0         84   fmul.o
       140          4          0          0          0         84   fnaninf.o
        10          0          0          0          0         68   fretinf.o
        98          0          0          0          0         68   frleqf.o
         4          0          0          0          0         68   printf1.o
         4          0          0          0          0         68   printf2.o
       100          0          0          0          0         68   retnan.o
        92          0          0          0          0         68   scalbn.o
        48          0          0          0          0         68   trapv.o
         0          0          0          0          0          0   usenofp.o
       544         70        152          0          0        124   atan.o
       384         38          0          0          0        144   atan2.o
       252         22         48          0          0        124   cos_i.o
        38          6          0          0          0        272   dunder.o
        40          0          0          0          0         68   fpclassify.o
       170          0          0          0          0         96   poly.o
         0          0          8          0          0          0   qnan.o
       904         76        200          0          0        140   rred.o
       160         10          0          0          0        108   sin.o
       236         12         40          0          0        128   sin_i.o

    ----------------------------------------------------------------------
     15128        840       1016          0        372       8876   Library Totals
        34          0          5          0          4          0   (incl. Padding)

    ----------------------------------------------------------------------

      Code (inc. data)   RO Data    RW Data    ZI Data      Debug   Library Name

      7892        310        563          0        368       4848   c_w.l
      4474        296          0          0          0       2824   fz_ws.l
      2728        234        448          0          0       1204   m_ws.l

    ----------------------------------------------------------------------
     15128        840       1016          0        372       8876   Library Totals

    ----------------------------------------------------------------------

==============================================================================


      Code (inc. data)   RO Data    RW Data    ZI Data      Debug   

     41106       3968      10486        320      13504     510457   Grand Totals
     41106       3968      10486         60      13504     510457   ELF Image Totals (compressed)
     41106       3968      10486         60          0          0   ROM Totals

==============================================================================

    Total RO  Size (Code + RO Data)                51592 (  50.38kB)
    Total RW  Size (RW Data + ZI Data)             13824 (  13.50kB)
    Total ROM Size (Code + RO Data + RW Data)      51652 (  50.44kB)

==============================================================================

